Component: ARM Compiler 5.06 update 6 (build 750) Tool: armlink [4d35ed]

==============================================================================

Section Cross References

    startup_stm32f10x_md.o(RESET) refers to startup_stm32f10x_md.o(STACK) for __initial_sp
    startup_stm32f10x_md.o(RESET) refers to startup_stm32f10x_md.o(.text) for Reset_Handler
    startup_stm32f10x_md.o(RESET) refers to stm32f10x_it.o(i.NMI_Handler) for NMI_Handler
    startup_stm32f10x_md.o(RESET) refers to stm32f10x_it.o(i.HardFault_Handler) for HardFault_Handler
    startup_stm32f10x_md.o(RESET) refers to stm32f10x_it.o(i.MemManage_Handler) for MemManage_Handler
    startup_stm32f10x_md.o(RESET) refers to stm32f10x_it.o(i.BusFault_Handler) for BusFault_Handler
    startup_stm32f10x_md.o(RESET) refers to stm32f10x_it.o(i.UsageFault_Handler) for UsageFault_Handler
    startup_stm32f10x_md.o(RESET) refers to stm32f10x_it.o(i.SVC_Handler) for SVC_Handler
    startup_stm32f10x_md.o(RESET) refers to stm32f10x_it.o(i.DebugMon_Handler) for DebugMon_Handler
    startup_stm32f10x_md.o(RESET) refers to stm32f10x_it.o(i.PendSV_Handler) for PendSV_Handler
    startup_stm32f10x_md.o(RESET) refers to systick.o(i.SysTick_Handler) for SysTick_Handler
    startup_stm32f10x_md.o(RESET) refers to tim.o(i.TIM4_IRQHandler) for TIM4_IRQHandler
    startup_stm32f10x_md.o(RESET) refers to usart.o(i.USART2_IRQHandler) for USART2_IRQHandler
    startup_stm32f10x_md.o(.text) refers to system_stm32f10x.o(i.SystemInit) for SystemInit
    startup_stm32f10x_md.o(.text) refers to entry.o(.ARM.Collect$$$$00000000) for __main
    system_stm32f10x.o(i.SetSysClock) refers to system_stm32f10x.o(i.SetSysClockTo72) for SetSysClockTo72
    system_stm32f10x.o(i.SystemCoreClockUpdate) refers to system_stm32f10x.o(.data) for SystemCoreClock
    system_stm32f10x.o(i.SystemInit) refers to system_stm32f10x.o(i.SetSysClock) for SetSysClock
    stm32f10x_adc.o(i.ADC_DeInit) refers to stm32f10x_rcc.o(i.RCC_APB2PeriphResetCmd) for RCC_APB2PeriphResetCmd
    stm32f10x_bkp.o(i.BKP_DeInit) refers to stm32f10x_rcc.o(i.RCC_BackupResetCmd) for RCC_BackupResetCmd
    stm32f10x_can.o(i.CAN_DeInit) refers to stm32f10x_rcc.o(i.RCC_APB1PeriphResetCmd) for RCC_APB1PeriphResetCmd
    stm32f10x_can.o(i.CAN_GetITStatus) refers to stm32f10x_can.o(i.CheckITStatus) for CheckITStatus
    stm32f10x_cec.o(i.CEC_DeInit) refers to stm32f10x_rcc.o(i.RCC_APB1PeriphResetCmd) for RCC_APB1PeriphResetCmd
    stm32f10x_dac.o(i.DAC_DeInit) refers to stm32f10x_rcc.o(i.RCC_APB1PeriphResetCmd) for RCC_APB1PeriphResetCmd
    stm32f10x_flash.o(i.FLASH_EnableWriteProtection) refers to stm32f10x_flash.o(i.FLASH_WaitForLastOperation) for FLASH_WaitForLastOperation
    stm32f10x_flash.o(i.FLASH_EraseAllBank1Pages) refers to stm32f10x_flash.o(i.FLASH_WaitForLastBank1Operation) for FLASH_WaitForLastBank1Operation
    stm32f10x_flash.o(i.FLASH_EraseAllPages) refers to stm32f10x_flash.o(i.FLASH_WaitForLastOperation) for FLASH_WaitForLastOperation
    stm32f10x_flash.o(i.FLASH_EraseOptionBytes) refers to stm32f10x_flash.o(i.FLASH_GetReadOutProtectionStatus) for FLASH_GetReadOutProtectionStatus
    stm32f10x_flash.o(i.FLASH_EraseOptionBytes) refers to stm32f10x_flash.o(i.FLASH_WaitForLastOperation) for FLASH_WaitForLastOperation
    stm32f10x_flash.o(i.FLASH_ErasePage) refers to stm32f10x_flash.o(i.FLASH_WaitForLastOperation) for FLASH_WaitForLastOperation
    stm32f10x_flash.o(i.FLASH_ProgramHalfWord) refers to stm32f10x_flash.o(i.FLASH_WaitForLastOperation) for FLASH_WaitForLastOperation
    stm32f10x_flash.o(i.FLASH_ProgramOptionByteData) refers to stm32f10x_flash.o(i.FLASH_WaitForLastOperation) for FLASH_WaitForLastOperation
    stm32f10x_flash.o(i.FLASH_ProgramWord) refers to stm32f10x_flash.o(i.FLASH_WaitForLastOperation) for FLASH_WaitForLastOperation
    stm32f10x_flash.o(i.FLASH_ReadOutProtection) refers to stm32f10x_flash.o(i.FLASH_WaitForLastOperation) for FLASH_WaitForLastOperation
    stm32f10x_flash.o(i.FLASH_UserOptionByteConfig) refers to stm32f10x_flash.o(i.FLASH_WaitForLastOperation) for FLASH_WaitForLastOperation
    stm32f10x_flash.o(i.FLASH_WaitForLastBank1Operation) refers to stm32f10x_flash.o(i.FLASH_GetBank1Status) for FLASH_GetBank1Status
    stm32f10x_flash.o(i.FLASH_WaitForLastOperation) refers to stm32f10x_flash.o(i.FLASH_GetBank1Status) for FLASH_GetBank1Status
    stm32f10x_gpio.o(i.GPIO_AFIODeInit) refers to stm32f10x_rcc.o(i.RCC_APB2PeriphResetCmd) for RCC_APB2PeriphResetCmd
    stm32f10x_gpio.o(i.GPIO_DeInit) refers to stm32f10x_rcc.o(i.RCC_APB2PeriphResetCmd) for RCC_APB2PeriphResetCmd
    stm32f10x_i2c.o(i.I2C_DeInit) refers to stm32f10x_rcc.o(i.RCC_APB1PeriphResetCmd) for RCC_APB1PeriphResetCmd
    stm32f10x_i2c.o(i.I2C_Init) refers to stm32f10x_rcc.o(i.RCC_GetClocksFreq) for RCC_GetClocksFreq
    stm32f10x_pwr.o(i.PWR_DeInit) refers to stm32f10x_rcc.o(i.RCC_APB1PeriphResetCmd) for RCC_APB1PeriphResetCmd
[...]
    Removing stm32f10x_fsmc.o(i.FSMC_ITConfig), (128 bytes).
    Removing stm32f10x_fsmc.o(i.FSMC_NANDCmd), (92 bytes).
    Removing stm32f10x_fsmc.o(i.FSMC_NANDDeInit), (68 bytes).
    Removing stm32f10x_fsmc.o(i.FSMC_NANDECCCmd), (92 bytes).
    Removing stm32f10x_fsmc.o(i.FSMC_NANDInit), (136 bytes).
    Removing stm32f10x_fsmc.o(i.FSMC_NANDStructInit), (54 bytes).
    Removing stm32f10x_fsmc.o(i.FSMC_NORSRAMCmd), (52 bytes).
    Removing stm32f10x_fsmc.o(i.FSMC_NORSRAMDeInit), (54 bytes).
    Removing stm32f10x_fsmc.o(i.FSMC_NORSRAMInit), (230 bytes).
    Removing stm32f10x_fsmc.o(i.FSMC_NORSRAMStructInit), (114 bytes).
    Removing stm32f10x_fsmc.o(i.FSMC_PCCARDCmd), (48 bytes).
    Removing stm32f10x_fsmc.o(i.FSMC_PCCARDDeInit), (40 bytes).
    Removing stm32f10x_fsmc.o(i.FSMC_PCCARDInit), (132 bytes).
    Removing stm32f10x_fsmc.o(i.FSMC_PCCARDStructInit), (60 bytes).
    Removing stm32f10x_gpio.o(i.GPIO_AFIODeInit), (20 bytes).
    Removing stm32f10x_gpio.o(i.GPIO_DeInit), (200 bytes).
    Removing stm32f10x_gpio.o(i.GPIO_ETH_MediaInterfaceConfig), (12 bytes).
    Removing stm32f10x_gpio.o(i.GPIO_EXTILineConfig), (64 bytes).
    Removing stm32f10x_gpio.o(i.GPIO_EventOutputCmd), (12 bytes).
    Removing stm32f10x_gpio.o(i.GPIO_EventOutputConfig), (32 bytes).
    Removing stm32f10x_gpio.o(i.GPIO_PinLockConfig), (18 bytes).
    Removing stm32f10x_gpio.o(i.GPIO_ReadInputData), (8 bytes).
    Removing stm32f10x_gpio.o(i.GPIO_ReadOutputData), (8 bytes).
    Removing stm32f10x_gpio.o(i.GPIO_ReadOutputDataBit), (18 bytes).
    Removing stm32f10x_gpio.o(i.GPIO_StructInit), (16 bytes).
    Removing stm32f10x_gpio.o(i.GPIO_Write), (4 bytes).
    Removing stm32f10x_gpio.o(i.GPIO_WriteBit), (10 bytes).
    Removing stm32f10x_i2c.o(i.I2C_ARPCmd), (24 bytes).
    Removing stm32f10x_i2c.o(i.I2C_AcknowledgeConfig), (24 bytes).
    Removing stm32f10x_i2c.o(i.I2C_CalculatePEC), (24 bytes).
    Removing stm32f10x_i2c.o(i.I2C_CheckEvent), (42 bytes).
    Removing stm32f10x_i2c.o(i.I2C_ClearFlag), (12 bytes).
    Removing stm32f10x_i2c.o(i.I2C_ClearITPendingBit), (12 bytes).
    Removing stm32f10x_i2c.o(i.I2C_Cmd), (24 bytes).
    Removing stm32f10x_i2c.o(i.I2C_DMACmd), (24 bytes).
    Removing stm32f10x_i2c.o(i.I2C_DMALastTransferCmd), (24 bytes).
    Removing stm32f10x_i2c.o(i.I2C_DeInit), (56 bytes).
    Removing stm32f10x_i2c.o(i.I2C_DualAddressCmd), (24 bytes).
    Removing stm32f10x_i2c.o(i.I2C_FastModeDutyCycleConfig), (28 bytes).
    Removing stm32f10x_i2c.o(i.I2C_GeneralCallCmd), (24 bytes).
    Removing stm32f10x_i2c.o(i.I2C_GenerateSTART), (24 bytes).
    Removing stm32f10x_i2c.o(i.I2C_GenerateSTOP), (24 bytes).
    Removing stm32f10x_i2c.o(i.I2C_GetFlagStatus), (58 bytes).
    Removing stm32f10x_i2c.o(i.I2C_GetITStatus), (38 bytes).
    Removing stm32f10x_i2c.o(i.I2C_GetLastEvent), (26 bytes).
    Removing stm32f10x_i2c.o(i.I2C_GetPEC), (8 bytes).
    Removing stm32f10x_i2c.o(i.I2C_ITConfig), (18 bytes).
    Removing stm32f10x_i2c.o(i.I2C_Init), (236 bytes).
    Removing stm32f10x_i2c.o(i.I2C_NACKPositionConfig), (28 bytes).
    Removing stm32f10x_i2c.o(i.I2C_OwnAddress2Config), (22 bytes).
    Removing stm32f10x_i2c.o(i.I2C_PECPositionConfig), (28 bytes).
    Removing stm32f10x_i2c.o(i.I2C_ReadRegister), (22 bytes).
    Removing stm32f10x_i2c.o(i.I2C_ReceiveData), (8 bytes).
    Removing stm32f10x_i2c.o(i.I2C_SMBusAlertConfig), (28 bytes).
    Removing stm32f10x_i2c.o(i.I2C_Send7bitAddress), (18 bytes).
    Removing stm32f10x_i2c.o(i.I2C_SendData), (4 bytes).
    Removing stm32f10x_i2c.o(i.I2C_SoftwareResetCmd), (22 bytes).
    Removing stm32f10x_i2c.o(i.I2C_StretchClockCmd), (24 bytes).
    Removing stm32f10x_i2c.o(i.I2C_StructInit), (30 bytes).
    Removing stm32f10x_i2c.o(i.I2C_TransmitPEC), (24 bytes).
    Removing stm32f10x_iwdg.o(i.IWDG_Enable), (16 bytes).
    Removing stm32f10x_iwdg.o(i.IWDG_GetFlagStatus), (24 bytes).
    Removing stm32f10x_iwdg.o(i.IWDG_ReloadCounter), (16 bytes).
    Removing stm32f10x_iwdg.o(i.IWDG_SetPrescaler), (12 bytes).
    Removing stm32f10x_iwdg.o(i.IWDG_SetReload), (12 bytes).
    Removing stm32f10x_iwdg.o(i.IWDG_WriteAccessCmd), (12 bytes).
    Removing stm32f10x_pwr.o(i.PWR_BackupAccessCmd), (12 bytes).
    Removing stm32f10x_pwr.o(i.PWR_ClearFlag), (20 bytes).
    Removing stm32f10x_pwr.o(i.PWR_DeInit), (22 bytes).
    Removing stm32f10x_pwr.o(i.PWR_EnterSTANDBYMode), (52 bytes).
    Removing stm32f10x_pwr.o(i.PWR_EnterSTOPMode), (64 bytes).
    Removing stm32f10x_pwr.o(i.PWR_GetFlagStatus), (24 bytes).
    Removing stm32f10x_pwr.o(i.PWR_PVDCmd), (12 bytes).
    Removing stm32f10x_pwr.o(i.PWR_PVDLevelConfig), (24 bytes).
    Removing stm32f10x_pwr.o(i.PWR_WakeUpPinCmd), (12 bytes).
    Removing stm32f10x_rcc.o(i.RCC_APB1PeriphResetCmd), (32 bytes).
    Removing stm32f10x_rcc.o(i.RCC_APB2PeriphResetCmd), (32 bytes).
    Removing stm32f10x_rcc.o(i.RCC_AdjustHSICalibrationValue), (24 bytes).
    Removing stm32f10x_rcc.o(i.RCC_BackupResetCmd), (12 bytes).
    Removing stm32f10x_rcc.o(i.RCC_ClearFlag), (20 bytes).
    Removing stm32f10x_rcc.o(i.RCC_ClearITPendingBit), (12 bytes).
    Removing stm32f10x_rcc.o(i.RCC_ClockSecuritySystemCmd), (12 bytes).
    Removing stm32f10x_rcc.o(i.RCC_GetITStatus), (24 bytes).
    Removing stm32f10x_rcc.o(i.RCC_HSEConfig), (76 bytes).
    Removing stm32f10x_rcc.o(i.RCC_HSICmd), (12 bytes).
    Removing stm32f10x_rcc.o(i.RCC_ITConfig), (32 bytes).
    Removing stm32f10x_rcc.o(i.RCC_LSEConfig), (52 bytes).
    Removing stm32f10x_rcc.o(i.RCC_MCOConfig), (12 bytes).
    Removing stm32f10x_rcc.o(i.RCC_RTCCLKCmd), (12 bytes).
    Removing stm32f10x_rcc.o(i.RCC_RTCCLKConfig), (16 bytes).
    Removing stm32f10x_rcc.o(i.RCC_USBCLKConfig), (12 bytes).
    Removing stm32f10x_rcc.o(i.RCC_WaitForHSEStartUp), (56 bytes).
    Removing stm32f10x_rtc.o(i.RTC_ClearFlag), (16 bytes).
    Removing stm32f10x_rtc.o(i.RTC_ClearITPendingBit), (16 bytes).
    Removing stm32f10x_rtc.o(i.RTC_EnterConfigMode), (20 bytes).
    Removing stm32f10x_rtc.o(i.RTC_ExitConfigMode), (20 bytes).
    Removing stm32f10x_rtc.o(i.RTC_GetCounter), (20 bytes).
    Removing stm32f10x_rtc.o(i.RTC_GetDivider), (24 bytes).
    Removing stm32f10x_rtc.o(i.RTC_GetFlagStatus), (24 bytes).
    Removing stm32f10x_rtc.o(i.RTC_GetITStatus), (36 bytes).
    Removing stm32f10x_rtc.o(i.RTC_ITConfig), (32 bytes).
    Removing stm32f10x_rtc.o(i.RTC_SetAlarm), (28 bytes).
    Removing stm32f10x_rtc.o(i.RTC_SetCounter), (28 bytes).
    Removing stm32f10x_rtc.o(i.RTC_SetPrescaler), (32 bytes).
    Removing stm32f10x_rtc.o(i.RTC_WaitForLastTask), (20 bytes).
    Removing stm32f10x_rtc.o(i.RTC_WaitForSynchro), (36 bytes).
    Removing stm32f10x_sdio.o(i.SDIO_CEATAITCmd), (16 bytes).
    Removing stm32f10x_sdio.o(i.SDIO_ClearFlag), (12 bytes).
    Removing stm32f10x_sdio.o(i.SDIO_ClearITPendingBit), (12 bytes).
    Removing stm32f10x_sdio.o(i.SDIO_ClockCmd), (12 bytes).
    Removing stm32f10x_sdio.o(i.SDIO_CmdStructInit), (14 bytes).
    Removing stm32f10x_sdio.o(i.SDIO_CommandCompletionCmd), (12 bytes).
    Removing stm32f10x_sdio.o(i.SDIO_DMACmd), (12 bytes).
    Removing stm32f10x_sdio.o(i.SDIO_DataConfig), (48 bytes).
    Removing stm32f10x_sdio.o(i.SDIO_DataStructInit), (20 bytes).
    Removing stm32f10x_sdio.o(i.SDIO_DeInit), (36 bytes).
    Removing stm32f10x_sdio.o(i.SDIO_GetCommandResponse), (12 bytes).
    Removing stm32f10x_sdio.o(i.SDIO_GetDataCounter), (12 bytes).
    Removing stm32f10x_sdio.o(i.SDIO_GetFIFOCount), (12 bytes).
    Removing stm32f10x_sdio.o(i.SDIO_GetFlagStatus), (24 bytes).
    Removing stm32f10x_sdio.o(i.SDIO_GetITStatus), (24 bytes).
    Removing stm32f10x_sdio.o(i.SDIO_GetPowerState), (16 bytes).
    Removing stm32f10x_sdio.o(i.SDIO_GetResponse), (24 bytes).
    Removing stm32f10x_sdio.o(i.SDIO_ITConfig), (32 bytes).
    Removing stm32f10x_sdio.o(i.SDIO_Init), (48 bytes).
    Removing stm32f10x_sdio.o(i.SDIO_ReadData), (12 bytes).
    Removing stm32f10x_sdio.o(i.SDIO_SendCEATACmd), (12 bytes).
    Removing stm32f10x_sdio.o(i.SDIO_SendCommand), (44 bytes).
    Removing stm32f10x_sdio.o(i.SDIO_SendSDIOSuspendCmd), (12 bytes).
    Removing stm32f10x_sdio.o(i.SDIO_SetPowerState), (28 bytes).
    Removing stm32f10x_sdio.o(i.SDIO_SetSDIOOperation), (12 bytes).
    Removing stm32f10x_sdio.o(i.SDIO_SetSDIOReadWaitMode), (12 bytes).
    Removing stm32f10x_sdio.o(i.SDIO_StartSDIOReadWait), (12 bytes).
    Removing stm32f10x_sdio.o(i.SDIO_StopSDIOReadWait), (12 bytes).
    Removing stm32f10x_sdio.o(i.SDIO_StructInit), (16 bytes).
    Removing stm32f10x_sdio.o(i.SDIO_WriteData), (12 bytes).
    Removing stm32f10x_spi.o(i.I2S_Cmd), (24 bytes).
    Removing stm32f10x_spi.o(i.I2S_Init), (232 bytes).
    Removing stm32f10x_spi.o(i.I2S_StructInit), (20 bytes).
    Removing stm32f10x_spi.o(i.SPI_BiDirectionalLineConfig), (28 bytes).
    Removing stm32f10x_spi.o(i.SPI_CalculateCRC), (24 bytes).
    Removing stm32f10x_spi.o(i.SPI_Cmd), (24 bytes).
    Removing stm32f10x_spi.o(i.SPI_DataSizeConfig), (18 bytes).
    Removing stm32f10x_spi.o(i.SPI_GetCRC), (16 bytes).
    Removing stm32f10x_spi.o(i.SPI_GetCRCPolynomial), (6 bytes).
    Removing stm32f10x_spi.o(i.SPI_I2S_ClearFlag), (6 bytes).
    Removing stm32f10x_spi.o(i.SPI_I2S_ClearITPendingBit), (20 bytes).
    Removing stm32f10x_spi.o(i.SPI_I2S_DMACmd), (18 bytes).
    Removing stm32f10x_spi.o(i.SPI_I2S_DeInit), (88 bytes).
    Removing stm32f10x_spi.o(i.SPI_I2S_GetFlagStatus), (18 bytes).
    Removing stm32f10x_spi.o(i.SPI_I2S_GetITStatus), (52 bytes).
    Removing stm32f10x_spi.o(i.SPI_I2S_ITConfig), (32 bytes).
    Removing stm32f10x_spi.o(i.SPI_I2S_ReceiveData), (6 bytes).
    Removing stm32f10x_spi.o(i.SPI_I2S_SendData), (4 bytes).
    Removing stm32f10x_spi.o(i.SPI_Init), (60 bytes).
    Removing stm32f10x_spi.o(i.SPI_NSSInternalSoftwareConfig), (30 bytes).
    Removing stm32f10x_spi.o(i.SPI_SSOutputCmd), (24 bytes).
    Removing stm32f10x_spi.o(i.SPI_StructInit), (24 bytes).
    Removing stm32f10x_spi.o(i.SPI_TransmitCRC), (10 bytes).
    Removing stm32f10x_tim.o(i.TI1_Config), (128 bytes).
    Removing stm32f10x_tim.o(i.TI2_Config), (152 bytes).
    Removing stm32f10x_tim.o(i.TI3_Config), (144 bytes).
    Removing stm32f10x_tim.o(i.TI4_Config), (152 bytes).
    Removing stm32f10x_tim.o(i.TIM_ARRPreloadConfig), (24 bytes).
    Removing stm32f10x_tim.o(i.TIM_BDTRConfig), (32 bytes).
    Removing stm32f10x_tim.o(i.TIM_BDTRStructInit), (18 bytes).
    Removing stm32f10x_tim.o(i.TIM_CCPreloadControl), (24 bytes).
    Removing stm32f10x_tim.o(i.TIM_CCxCmd), (30 bytes).
    Removing stm32f10x_tim.o(i.TIM_CCxNCmd), (30 bytes).
    Removing stm32f10x_tim.o(i.TIM_ClearOC1Ref), (18 bytes).
    Removing stm32f10x_tim.o(i.TIM_ClearOC2Ref), (24 bytes).
    Removing stm32f10x_tim.o(i.TIM_ClearOC3Ref), (18 bytes).
    Removing stm32f10x_tim.o(i.TIM_ClearOC4Ref), (24 bytes).
    Removing stm32f10x_tim.o(i.TIM_CounterModeConfig), (18 bytes).
    Removing stm32f10x_tim.o(i.TIM_CtrlPWMOutputs), (30 bytes).
    Removing stm32f10x_tim.o(i.TIM_DMACmd), (18 bytes).
    Removing stm32f10x_tim.o(i.TIM_DMAConfig), (10 bytes).
    Removing stm32f10x_tim.o(i.TIM_DeInit), (488 bytes).
    Removing stm32f10x_tim.o(i.TIM_ETRClockMode1Config), (54 bytes).
    Removing stm32f10x_tim.o(i.TIM_ETRClockMode2Config), (32 bytes).
    Removing stm32f10x_tim.o(i.TIM_ETRConfig), (28 bytes).
    Removing stm32f10x_tim.o(i.TIM_EncoderInterfaceConfig), (66 bytes).
    Removing stm32f10x_tim.o(i.TIM_ForcedOC1Config), (18 bytes).
    Removing stm32f10x_tim.o(i.TIM_ForcedOC2Config), (26 bytes).
    Removing stm32f10x_tim.o(i.TIM_ForcedOC3Config), (18 bytes).
    Removing stm32f10x_tim.o(i.TIM_ForcedOC4Config), (26 bytes).
    Removing stm32f10x_tim.o(i.TIM_GenerateEvent), (4 bytes).
    Removing stm32f10x_tim.o(i.TIM_GetCapture1), (6 bytes).
    Removing stm32f10x_tim.o(i.TIM_GetCapture2), (6 bytes).
    Removing stm32f10x_tim.o(i.TIM_GetCapture3), (6 bytes).
    Removing stm32f10x_tim.o(i.TIM_GetCapture4), (8 bytes).
    Removing stm32f10x_tim.o(i.TIM_GetCounter), (6 bytes).
    Removing stm32f10x_tim.o(i.TIM_GetFlagStatus), (18 bytes).
    Removing stm32f10x_tim.o(i.TIM_GetPrescaler), (6 bytes).
    Removing stm32f10x_tim.o(i.TIM_ICInit), (172 bytes).
    Removing stm32f10x_tim.o(i.TIM_ICStructInit), (18 bytes).
    Removing stm32f10x_tim.o(i.TIM_ITRxExternalClockConfig), (24 bytes).
    Removing stm32f10x_tim.o(i.TIM_InternalClockConfig), (12 bytes).
    Removing stm32f10x_tim.o(i.TIM_OC1FastConfig), (18 bytes).
    Removing stm32f10x_tim.o(i.TIM_OC1Init), (152 bytes).
    Removing stm32f10x_tim.o(i.TIM_OC1NPolarityConfig), (18 bytes).
    Removing stm32f10x_tim.o(i.TIM_OC1PolarityConfig), (18 bytes).
    Removing stm32f10x_tim.o(i.TIM_OC1PreloadConfig), (18 bytes).
    Removing stm32f10x_tim.o(i.TIM_OC2FastConfig), (26 bytes).
    Removing stm32f10x_tim.o(i.TIM_OC2Init), (164 bytes).
    Removing stm32f10x_tim.o(i.TIM_OC2NPolarityConfig), (26 bytes).
    Removing stm32f10x_tim.o(i.TIM_OC2PolarityConfig), (26 bytes).
    Removing stm32f10x_tim.o(i.TIM_OC2PreloadConfig), (26 bytes).
    Removing stm32f10x_tim.o(i.TIM_OC3FastConfig), (18 bytes).
    Removing stm32f10x_tim.o(i.TIM_OC3Init), (160 bytes).
    Removing stm32f10x_tim.o(i.TIM_OC3NPolarityConfig), (26 bytes).
    Removing stm32f10x_tim.o(i.TIM_OC3PolarityConfig), (26 bytes).
    Removing stm32f10x_tim.o(i.TIM_OC3PreloadConfig), (18 bytes).
    Removing stm32f10x_tim.o(i.TIM_OC4FastConfig), (26 bytes).
    Removing stm32f10x_tim.o(i.TIM_OC4Init), (124 bytes).
    Removing stm32f10x_tim.o(i.TIM_OC4PolarityConfig), (26 bytes).
    Removing stm32f10x_tim.o(i.TIM_OC4PreloadConfig), (26 bytes).
    Removing stm32f10x_tim.o(i.TIM_OCStructInit), (20 bytes).
    Removing stm32f10x_tim.o(i.TIM_PWMIConfig), (124 bytes).
    Removing stm32f10x_tim.o(i.TIM_PrescalerConfig), (6 bytes).
    Removing stm32f10x_tim.o(i.TIM_SelectCCDMA), (24 bytes).
    Removing stm32f10x_tim.o(i.TIM_SelectCOM), (24 bytes).
    Removing stm32f10x_tim.o(i.TIM_SelectHallSensor), (24 bytes).
    Removing stm32f10x_tim.o(i.TIM_SelectInputTrigger), (18 bytes).
    Removing stm32f10x_tim.o(i.TIM_SelectMasterSlaveMode), (18 bytes).
    Removing stm32f10x_tim.o(i.TIM_SelectOCxM), (82 bytes).
    Removing stm32f10x_tim.o(i.TIM_SelectOnePulseMode), (18 bytes).
    Removing stm32f10x_tim.o(i.TIM_SelectOutputTrigger), (18 bytes).
    Removing stm32f10x_tim.o(i.TIM_SelectSlaveMode), (18 bytes).
    Removing stm32f10x_tim.o(i.TIM_SetAutoreload), (4 bytes).
    Removing stm32f10x_tim.o(i.TIM_SetClockDivision), (18 bytes).
    Removing stm32f10x_tim.o(i.TIM_SetCompare1), (4 bytes).
    Removing stm32f10x_tim.o(i.TIM_SetCompare2), (4 bytes).
    Removing stm32f10x_tim.o(i.TIM_SetCompare3), (4 bytes).
    Removing stm32f10x_tim.o(i.TIM_SetCompare4), (6 bytes).
    Removing stm32f10x_tim.o(i.TIM_SetCounter), (4 bytes).
    Removing stm32f10x_tim.o(i.TIM_SetIC1Prescaler), (18 bytes).
    Removing stm32f10x_tim.o(i.TIM_SetIC2Prescaler), (26 bytes).
    Removing stm32f10x_tim.o(i.TIM_SetIC3Prescaler), (18 bytes).
    Removing stm32f10x_tim.o(i.TIM_SetIC4Prescaler), (26 bytes).
    Removing stm32f10x_tim.o(i.TIM_TIxExternalClockConfig), (62 bytes).
    Removing stm32f10x_tim.o(i.TIM_TimeBaseStructInit), (18 bytes).
    Removing stm32f10x_tim.o(i.TIM_UpdateDisableConfig), (24 bytes).
    Removing stm32f10x_tim.o(i.TIM_UpdateRequestConfig), (24 bytes).
    Removing stm32f10x_usart.o(i.USART_ClearFlag), (18 bytes).
    Removing stm32f10x_usart.o(i.USART_ClearITPendingBit), (30 bytes).
    Removing stm32f10x_usart.o(i.USART_ClockInit), (34 bytes).
    Removing stm32f10x_usart.o(i.USART_ClockStructInit), (12 bytes).
    Removing stm32f10x_usart.o(i.USART_DMACmd), (18 bytes).
    Removing stm32f10x_usart.o(i.USART_DeInit), (156 bytes).
    Removing stm32f10x_usart.o(i.USART_HalfDuplexCmd), (24 bytes).
    Removing stm32f10x_usart.o(i.USART_ITConfig), (74 bytes).
    Removing stm32f10x_usart.o(i.USART_IrDACmd), (24 bytes).
    Removing stm32f10x_usart.o(i.USART_IrDAConfig), (18 bytes).
    Removing stm32f10x_usart.o(i.USART_LINBreakDetectLengthConfig), (18 bytes).
    Removing stm32f10x_usart.o(i.USART_LINCmd), (24 bytes).
    Removing stm32f10x_usart.o(i.USART_OneBitMethodCmd), (24 bytes).
    Removing stm32f10x_usart.o(i.USART_OverSampling8Cmd), (22 bytes).
    Removing stm32f10x_usart.o(i.USART_ReceiverWakeUpCmd), (24 bytes).
    Removing stm32f10x_usart.o(i.USART_SendBreak), (10 bytes).
    Removing stm32f10x_usart.o(i.USART_SetAddress), (18 bytes).
    Removing stm32f10x_usart.o(i.USART_SetGuardTime), (16 bytes).
    Removing stm32f10x_usart.o(i.USART_SetPrescaler), (16 bytes).
    Removing stm32f10x_usart.o(i.USART_SmartCardCmd), (24 bytes).
    Removing stm32f10x_usart.o(i.USART_SmartCardNACKCmd), (24 bytes).
    Removing stm32f10x_usart.o(i.USART_StructInit), (24 bytes).
    Removing stm32f10x_usart.o(i.USART_WakeUpConfig), (18 bytes).
    Removing stm32f10x_wwdg.o(i.WWDG_ClearFlag), (12 bytes).
    Removing stm32f10x_wwdg.o(i.WWDG_DeInit), (22 bytes).
    Removing stm32f10x_wwdg.o(i.WWDG_Enable), (16 bytes).
    Removing stm32f10x_wwdg.o(i.WWDG_EnableIT), (12 bytes).
    Removing stm32f10x_wwdg.o(i.WWDG_GetFlagStatus), (12 bytes).
    Removing stm32f10x_wwdg.o(i.WWDG_SetCounter), (16 bytes).
    Removing stm32f10x_wwdg.o(i.WWDG_SetPrescaler), (24 bytes).
    Removing stm32f10x_wwdg.o(i.WWDG_SetWindowValue), (40 bytes).
    Removing main.o(i.MCO_GPIO_Config), (44 bytes).
    Removing usart.o(i.NVIC_USART2_Config), (34 bytes).
    Removing usart.o(i.USART2_Config), (140 bytes).
    Removing usart.o(i.fgetc), (32 bytes).
    Removing key.o(i.KEY_Config), (60 bytes).
    Removing key.o(i.KEY_Scan), (128 bytes).
    Removing key.o(.data), (1 bytes).
    Removing tim.o(i.Tim4_Delay_ms), (20 bytes).

437 unused section(s) (total 18005 bytes) removed from the image.

==============================================================================

Image Symbol Table

    Local Symbols

    Symbol Name                              Value     Ov Type        Size  Object(Section)

    ../clib/microlib/division.c              0x00000000   Number         0  uidiv.o ABSOLUTE
    ../clib/microlib/division.c              0x00000000   Number         0  uldiv.o ABSOLUTE
    ../clib/microlib/init/entry.s            0x00000000   Number         0  entry2.o ABSOLUTE
    ../clib/microlib/init/entry.s            0x00000000   Number         0  entry5.o ABSOLUTE
    ../clib/microlib/init/entry.s            0x00000000   Number         0  entry7a.o ABSOLUTE
    ../clib/microlib/init/entry.s            0x00000000   Number         0  entry7b.o ABSOLUTE
    ../clib/microlib/init/entry.s            0x00000000   Number         0  entry11b.o ABSOLUTE
    ../clib/microlib/init/entry.s            0x00000000   Number         0  entry8a.o ABSOLUTE
    ../clib/microlib/init/entry.s            0x00000000   Number         0  entry8b.o ABSOLUTE
    ../clib/microlib/init/entry.s            0x00000000   Number         0  entry9a.o ABSOLUTE
    ../clib/microlib/init/entry.s            0x00000000   Number         0  entry10a.o ABSOLUTE
    ../clib/microlib/init/entry.s            0x00000000   Number         0  entry11a.o ABSOLUTE
    ../clib/microlib/init/entry.s            0x00000000   Number         0  entry10b.o ABSOLUTE
    ../clib/microlib/init/entry.s            0x00000000   Number         0  entry9b.o ABSOLUTE
    ../clib/microlib/init/entry.s            0x00000000   Number         0  entry.o ABSOLUTE
    ../clib/microlib/longlong.c              0x00000000   Number         0  llsshr.o ABSOLUTE
    ../clib/microlib/longlong.c              0x00000000   Number         0  llshl.o ABSOLUTE
    ../clib/microlib/longlong.c              0x00000000   Number         0  llushr.o ABSOLUTE
    ../clib/microlib/printf/printf.c         0x00000000   Number         0  printf6.o ABSOLUTE
    ../clib/microlib/printf/printf.c         0x00000000   Number         0  printf0.o ABSOLUTE
    ../clib/microlib/printf/printf.c         0x00000000   Number         0  printf3.o ABSOLUTE
    ../clib/microlib/printf/printf.c         0x00000000   Number         0  printfb.o ABSOLUTE
    ../clib/microlib/printf/printf.c         0x00000000   Number         0  printf2.o ABSOLUTE
    ../clib/microlib/printf/printf.c         0x00000000   Number         0  printf8.o ABSOLUTE
    ../clib/microlib/printf/printf.c         0x00000000   Number         0  printfa.o ABSOLUTE
    ../clib/microlib/printf/printf.c         0x00000000   Number         0  printf4.o ABSOLUTE
    ../clib/microlib/printf/printf.c         0x00000000   Number         0  printf5.o ABSOLUTE
    ../clib/microlib/printf/printf.c         0x00000000   Number         0  printf1.o ABSOLUTE
    ../clib/microlib/printf/printf.c         0x00000000   Number         0  printf7.o ABSOLUTE
    ../clib/microlib/printf/stubs.s          0x00000000   Number         0  stubs.o ABSOLUTE
    ../clib/microlib/stdio/streams.c         0x00000000   Number         0  stdout.o ABSOLUTE
    ../clib/microlib/stubs.s                 0x00000000   Number         0  iusefp.o ABSOLUTE
    ../fplib/microlib/d2f.c                  0x00000000   Number         0  d2f.o ABSOLUTE
    ../fplib/microlib/f2d.c                  0x00000000   Number         0  f2d.o ABSOLUTE
    ../fplib/microlib/fpadd.c                0x00000000   Number         0  fadd.o ABSOLUTE
    ../fplib/microlib/fpadd.c                0x00000000   Number         0  dadd.o ABSOLUTE
    ../fplib/microlib/fpdiv.c                0x00000000   Number         0  ddiv.o ABSOLUTE
    ../fplib/microlib/fpdiv.c                0x00000000   Number         0  fdiv.o ABSOLUTE
    ../fplib/microlib/fpepilogue.c           0x00000000   Number         0  depilogue.o ABSOLUTE
    ../fplib/microlib/fpepilogue.c           0x00000000   Number         0  fepilogue.o ABSOLUTE
    ../fplib/microlib/fpfix.c                0x00000000   Number         0  dfixul.o ABSOLUTE
    ../fplib/microlib/fpflt.c                0x00000000   Number         0  ffltui.o ABSOLUTE
    ../fplib/microlib/fpmul.c                0x00000000   Number         0  dmul.o ABSOLUTE
    ../fplib/microlib/fpmul.c                0x00000000   Number         0  fmul.o ABSOLUTE
    ..\Libraries\CMSIS\core_cm3.c            0x00000000   Number         0  core_cm3.o ABSOLUTE
    ..\Libraries\CMSIS\startup\startup_stm32f10x_md.s 0x00000000   Number         0  startup_stm32f10x_md.o ABSOLUTE
    ..\Libraries\CMSIS\system_stm32f10x.c    0x00000000   Number         0  system_stm32f10x.o ABSOLUTE
    ..\Libraries\STM32F10x_StdPeriph_Driver\src\misc.c 0x00000000   Number         0  misc.o ABSOLUTE
    ..\Libraries\STM32F10x_StdPeriph_Driver\src\stm32f10x_adc.c 0x00000000   Number         0  stm32f10x_adc.o ABSOLUTE
    ..\Libraries\STM32F10x_StdPeriph_Driver\src\stm32f10x_bkp.c 0x00000000   Number         0  stm32f10x_bkp.o ABSOLUTE
    ..\Libraries\STM32F10x_StdPeriph_Driver\src\stm32f10x_can.c 0x00000000   Number         0  stm32f10x_can.o ABSOLUTE
    ..\Libraries\STM32F10x_StdPeriph_Driver\src\stm32f10x_cec.c 0x00000000   Number         0  stm32f10x_cec.o ABSOLUTE
    ..\Libraries\STM32F10x_StdPeriph_Driver\src\stm32f10x_crc.c 0x00000000   Number         0  stm32f10x_crc.o ABSOLUTE
    ..\Libraries\STM32F10x_StdPeriph_Driver\src\stm32f10x_dac.c 0x00000000   Number         0  stm32f10x_dac.o ABSOLUTE
    ..\Libraries\STM32F10x_StdPeriph_Driver\src\stm32f10x_dbgmcu.c 0x00000000   Number         0  stm32f10x_dbgmcu.o ABSOLUTE
    ..\Libraries\STM32F10x_StdPeriph_Driver\src\stm32f10x_dma.c 0x00000000   Number         0  stm32f10x_dma.o ABSOLUTE
    ..\Libraries\STM32F10x_StdPeriph_Driver\src\stm32f10x_exti.c 0x00000000   Number         0  stm32f10x_exti.o ABSOLUTE
    ..\Libraries\STM32F10x_StdPeriph_Driver\src\stm32f10x_flash.c 0x00000000   Number         0  stm32f10x_flash.o ABSOLUTE
    ..\Libraries\STM32F10x_StdPeriph_Driver\src\stm32f10x_fsmc.c 0x00000000   Number         0  stm32f10x_fsmc.o ABSOLUTE
    ..\Libraries\STM32F10x_StdPeriph_Driver\src\stm32f10x_gpio.c 0x00000000   Number         0  stm32f10x_gpio.o ABSOLUTE
    ..\Libraries\STM32F10x_StdPeriph_Driver\src\stm32f10x_i2c.c 0x00000000   Number         0  stm32f10x_i2c.o ABSOLUTE
    ..\Libraries\STM32F10x_StdPeriph_Driver\src\stm32f10x_iwdg.c 0x00000000   Number         0  stm32f10x_iwdg.o ABSOLUTE
    ..\Libraries\STM32F10x_StdPeriph_Driver\src\stm32f10x_pwr.c 0x00000000   Number         0  stm32f10x_pwr.o ABSOLUTE
    ..\Libraries\STM32F10x_StdPeriph_Driver\src\stm32f10x_rcc.c 0x00000000   Number         0  stm32f10x_rcc.o ABSOLUTE
    ..\Libraries\STM32F10x_StdPeriph_Driver\src\stm32f10x_rtc.c 0x00000000   Number         0  stm32f10x_rtc.o ABSOLUTE
    ..\Libraries\STM32F10x_StdPeriph_Driver\src\stm32f10x_sdio.c 0x00000000   Number         0  stm32f10x_sdio.o ABSOLUTE
    ..\Libraries\STM32F10x_StdPeriph_Driver\src\stm32f10x_spi.c 0x00000000   Number         0  stm32f10x_spi.o ABSOLUTE
    ..\Libraries\STM32F10x_StdPeriph_Driver\src\stm32f10x_tim.c 0x00000000   Number         0  stm32f10x_tim.o ABSOLUTE
    ..\Libraries\STM32F10x_StdPeriph_Driver\src\stm32f10x_usart.c 0x00000000   Number         0  stm32f10x_usart.o ABSOLUTE
    ..\Libraries\STM32F10x_StdPeriph_Driver\src\stm32f10x_wwdg.c 0x00000000   Number         0  stm32f10x_wwdg.o ABSOLUTE
    ..\User\ADC\adc.c                        0x00000000   Number         0  adc.o ABSOLUTE
    ..\User\APP\app.c                        0x00000000   Number         0  app.o ABSOLUTE
    ..\User\KEY\key.c                        0x00000000   Number         0  key.o ABSOLUTE
    ..\User\LED\led.c                        0x00000000   Number         0  led.o ABSOLUTE
    ..\User\Oneline\oneline.c                0x00000000   Number         0  oneline.o ABSOLUTE
    ..\User\Peripher_GPIO\peripher_gpio.c    0x00000000   Number         0  peripher_gpio.o ABSOLUTE
    ..\User\SYSTICK\systick.c                0x00000000   Number         0  systick.o ABSOLUTE
    ..\User\Slave\slave.c                    0x00000000   Number         0  slave.o ABSOLUTE
    ..\User\TIM\tim.c                        0x00000000   Number         0  tim.o ABSOLUTE
    ..\User\USART\usart.c                    0x00000000   Number         0  usart.o ABSOLUTE
    ..\User\main.c                           0x00000000   Number         0  main.o ABSOLUTE
    ..\User\stm32f10x_it.c                   0x00000000   Number         0  stm32f10x_it.o ABSOLUTE
    ..\\Libraries\\CMSIS\\core_cm3.c         0x00000000   Number         0  core_cm3.o ABSOLUTE
    cdcmple.s                                0x00000000   Number         0  cdcmple.o ABSOLUTE
    cdrcmple.s                               0x00000000   Number         0  cdrcmple.o ABSOLUTE
    cfcmple.s                                0x00000000   Number         0  cfcmple.o ABSOLUTE
    cfrcmple.s                               0x00000000   Number         0  cfrcmple.o ABSOLUTE
    dc.s                                     0x00000000   Number         0  dc.o ABSOLUTE
    handlers.s                               0x00000000   Number         0  handlers.o ABSOLUTE
    init.s                                   0x00000000   Number         0  init.o ABSOLUTE
    RESET                                    0x08000000   Section      236  startup_stm32f10x_md.o(RESET)
    .ARM.Collect$$$$00000000                 0x080000ec   Section        0  entry.o(.ARM.Collect$$$$00000000)
    .ARM.Collect$$$$00000001                 0x080000ec   Section        4  entry2.o(.ARM.Collect$$$$00000001)
    .ARM.Collect$$$$00000004                 0x080000f0   Section        4  entry5.o(.ARM.Collect$$$$00000004)
    .ARM.Collect$$$$00000008                 0x080000f4   Section        0  entry7b.o(.ARM.Collect$$$$00000008)
    .ARM.Collect$$$$0000000A                 0x080000f4   Section        0  entry8b.o(.ARM.Collect$$$$0000000A)
    .ARM.Collect$$$$0000000B                 0x080000f4   Section        8  entry9a.o(.ARM.Collect$$$$0000000B)
    .ARM.Collect$$$$0000000D                 0x080000fc   Section        0  entry10a.o(.ARM.Collect$$$$0000000D)
    .ARM.Collect$$$$0000000F                 0x080000fc   Section        0  entry11a.o(.ARM.Collect$$$$0000000F)
    .ARM.Collect$$$$00002712                 0x080000fc   Section        4  entry2.o(.ARM.Collect$$$$00002712)
    __lit__00000000                          0x080000fc   Data           4  entry2.o(.ARM.Collect$$$$00002712)
    .text                                    0x08000100   Section       36  startup_stm32f10x_md.o(.text)
    .text                                    0x08000124   Section        0  fadd.o(.text)
    .text                                    0x080001d4   Section        0  fmul.o(.text)
    .text                                    0x08000238   Section        0  fdiv.o(.text)
    .text                                    0x080002b4   Section        0  dadd.o(.text)
    .text                                    0x08000402   Section        0  dmul.o(.text)
    .text                                    0x080004e6   Section        0  ddiv.o(.text)
    .text                                    0x080005c4   Section        0  ffltui.o(.text)
    .text                                    0x080005ce   Section        0  f2d.o(.text)
    .text                                    0x080005f4   Section       48  cdcmple.o(.text)
    .text                                    0x08000624   Section       48  cdrcmple.o(.text)
    .text                                    0x08000654   Section        0  d2f.o(.text)
    .text                                    0x0800068c   Section       20  cfcmple.o(.text)
    .text                                    0x080006a0   Section       20  cfrcmple.o(.text)
    .text                                    0x080006b4   Section        0  uidiv.o(.text)
    .text                                    0x080006e0   Section        0  uldiv.o(.text)
    .text                                    0x08000742   Section        0  llshl.o(.text)
    .text                                    0x08000760   Section        0  llsshr.o(.text)
    .text                                    0x08000784   Section        0  iusefp.o(.text)
    .text                                    0x08000784   Section        0  fepilogue.o(.text)
    .text                                    0x080007f2   Section        0  depilogue.o(.text)
    .text                                    0x080008ac   Section        0  dfixul.o(.text)
    .text                                    0x080008dc   Section       36  init.o(.text)
    .text                                    0x08000900   Section        0  llushr.o(.text)
    i.ADC_Cmd                                0x08000920   Section        0  stm32f10x_adc.o(i.ADC_Cmd)
    i.ADC_DMACmd                             0x08000936   Section        0  stm32f10x_adc.o(i.ADC_DMACmd)
    i.ADC_GetCalibrationStatus               0x0800094c   Section        0  stm32f10x_adc.o(i.ADC_GetCalibrationStatus)
    i.ADC_GetResetCalibrationStatus          0x08000960   Section        0  stm32f10x_adc.o(i.ADC_GetResetCalibrationStatus)
    i.ADC_Init                               0x08000974   Section        0  stm32f10x_adc.o(i.ADC_Init)
    i.ADC_RegularChannelConfig               0x080009c4   Section        0  stm32f10x_adc.o(i.ADC_RegularChannelConfig)
    i.ADC_ResetCalibration                   0x08000a7c   Section        0  stm32f10x_adc.o(i.ADC_ResetCalibration)
    i.ADC_SoftwareStartConvCmd               0x08000a86   Section        0  stm32f10x_adc.o(i.ADC_SoftwareStartConvCmd)
    i.ADC_StartCalibration                   0x08000a9c   Section        0  stm32f10x_adc.o(i.ADC_StartCalibration)
    i.ADCx_DMA_Config                        0x08000aa8   Section        0  adc.o(i.ADCx_DMA_Config)
    ADCx_DMA_Config                          0x08000aa9   Thumb Code    78  adc.o(i.ADCx_DMA_Config)
    i.ADCx_GPIO_Config                       0x08000b04   Section        0  adc.o(i.ADCx_GPIO_Config)
    ADCx_GPIO_Config                         0x08000b05   Thumb Code    92  adc.o(i.ADCx_GPIO_Config)
    i.ADCx_Mode_Init                         0x08000b64   Section        0  adc.o(i.ADCx_Mode_Init)
    i.ASC711_Over_Current_Protect            0x08000c1c   Section        0  app.o(i.ASC711_Over_Current_Protect)
    i.BusFault_Handler                       0x08000cc8   Section        0  stm32f10x_it.o(i.BusFault_Handler)
    i.CHIP_ENABLE_GPIO_Config                0x08000ccc   Section        0  peripher_gpio.o(i.CHIP_ENABLE_GPIO_Config)
    i.Channel_Voltage_Calculate              0x08000d7c   Section        0  adc.o(i.Channel_Voltage_Calculate)
    i.DMA_Cmd                                0x08000f10   Section        0  stm32f10x_dma.o(i.DMA_Cmd)
    i.DMA_Init                               0x08000f28   Section        0  stm32f10x_dma.o(i.DMA_Init)
    i.DQ_TX_RX_GPIO_Config                   0x08000f64   Section        0  peripher_gpio.o(i.DQ_TX_RX_GPIO_Config)
    i.DebugMon_Handler                       0x08000fb0   Section        0  stm32f10x_it.o(i.DebugMon_Handler)
    i.FLASH_PrefetchBufferCmd                0x08000fb4   Section        0  stm32f10x_flash.o(i.FLASH_PrefetchBufferCmd)
    i.FLASH_SetLatency                       0x08000fd0   Section        0  stm32f10x_flash.o(i.FLASH_SetLatency)
    i.GPIO_Init                              0x08000fe8   Section        0  stm32f10x_gpio.o(i.GPIO_Init)
    i.GPIO_PinRemapConfig                    0x08001100   Section        0  stm32f10x_gpio.o(i.GPIO_PinRemapConfig)
    i.GPIO_ReadInputDataBit                  0x08001190   Section        0  stm32f10x_gpio.o(i.GPIO_ReadInputDataBit)
    i.GPIO_ResetBits                         0x080011a2   Section        0  stm32f10x_gpio.o(i.GPIO_ResetBits)
    i.GPIO_SetBits                           0x080011a6   Section        0  stm32f10x_gpio.o(i.GPIO_SetBits)
    i.Get_Charging_Current_Samp_Refer_Volt   0x080011ac   Section        0  adc.o(i.Get_Charging_Current_Samp_Refer_Volt)
    i.HSI_SetSystemCLK                       0x080011c8   Section        0  main.o(i.HSI_SetSystemCLK)
    i.Handshake_Light_Indication             0x08001250   Section        0  app.o(i.Handshake_Light_Indication)
    i.HardFault_Handler                      0x080012b8   Section        0  stm32f10x_it.o(i.HardFault_Handler)
    i.Indication_LED_Control                 0x080012bc   Section        0  led.o(i.Indication_LED_Control)
    i.LED_GPIO_Config                        0x0800134c   Section        0  led.o(i.LED_GPIO_Config)
    i.Low_Current_Shutoff                    0x080013cc   Section        0  app.o(i.Low_Current_Shutoff)
    i.MemManage_Handler                      0x080014d0   Section        0  stm32f10x_it.o(i.MemManage_Handler)
    i.NMI_Handler                            0x080014d4   Section        0  stm32f10x_it.o(i.NMI_Handler)
    i.NVIC_Init                              0x080014d8   Section        0  misc.o(i.NVIC_Init)
    i.NVIC_PriorityGroupConfig               0x08001548   Section        0  misc.o(i.NVIC_PriorityGroupConfig)
    i.Oneline_Master_RST                     0x0800155c   Section        0  oneline.o(i.Oneline_Master_RST)
    i.Oneline_Master_Read_Reg                0x080015f0   Section        0  oneline.o(i.Oneline_Master_Read_Reg)
    i.Oneline_Master_Write_Reg               0x0800160a   Section        0  oneline.o(i.Oneline_Master_Write_Reg)
    i.Oneline_Master_delay                   0x08001624   Section        0  oneline.o(i.Oneline_Master_delay)
    i.Online_Master_Read_Byte                0x0800163c   Section        0  oneline.o(i.Online_Master_Read_Byte)
    i.Online_Master_Write_Byte               0x080016a8   Section        0  oneline.o(i.Online_Master_Write_Byte)
    i.Over_Current_Protect                   0x08001710   Section        0  app.o(i.Over_Current_Protect)
    i.Over_Temperature_Protect               0x08001820   Section        0  app.o(i.Over_Temperature_Protect)
    i.Over_Volt_Under_Volt_Protect           0x080018d8   Section        0  app.o(i.Over_Volt_Under_Volt_Protect)
    i.PendSV_Handler                         0x080019e0   Section        0  stm32f10x_it.o(i.PendSV_Handler)
    i.RCC_ADCCLKConfig                       0x080019e4   Section        0  stm32f10x_rcc.o(i.RCC_ADCCLKConfig)
    i.RCC_AHBPeriphClockCmd                  0x080019fc   Section        0  stm32f10x_rcc.o(i.RCC_AHBPeriphClockCmd)
    i.RCC_APB1PeriphClockCmd                 0x08001a1c   Section        0  stm32f10x_rcc.o(i.RCC_APB1PeriphClockCmd)
    i.RCC_APB2PeriphClockCmd                 0x08001a3c   Section        0  stm32f10x_rcc.o(i.RCC_APB2PeriphClockCmd)
    i.RCC_DeInit                             0x08001a5c   Section        0  stm32f10x_rcc.o(i.RCC_DeInit)
    i.RCC_GetClocksFreq                      0x08001aa8   Section        0  stm32f10x_rcc.o(i.RCC_GetClocksFreq)
    i.RCC_GetFlagStatus                      0x08001b7c   Section        0  stm32f10x_rcc.o(i.RCC_GetFlagStatus)
    i.RCC_GetSYSCLKSource                    0x08001bb8   Section        0  stm32f10x_rcc.o(i.RCC_GetSYSCLKSource)
    i.RCC_HCLKConfig                         0x08001bc8   Section        0  stm32f10x_rcc.o(i.RCC_HCLKConfig)
    i.RCC_LSICmd                             0x08001be0   Section        0  stm32f10x_rcc.o(i.RCC_LSICmd)
    i.RCC_PCLK1Config                        0x08001bec   Section        0  stm32f10x_rcc.o(i.RCC_PCLK1Config)
    i.RCC_PCLK2Config                        0x08001c04   Section        0  stm32f10x_rcc.o(i.RCC_PCLK2Config)
    i.RCC_PLLCmd                             0x08001c1c   Section        0  stm32f10x_rcc.o(i.RCC_PLLCmd)
    i.RCC_PLLConfig                          0x08001c28   Section        0  stm32f10x_rcc.o(i.RCC_PLLConfig)
    i.RCC_SYSCLKConfig                       0x08001c44   Section        0  stm32f10x_rcc.o(i.RCC_SYSCLKConfig)
    i.SVC_Handler                            0x08001c5c   Section        0  stm32f10x_it.o(i.SVC_Handler)
    i.SetSysClock                            0x08001c5e   Section        0  system_stm32f10x.o(i.SetSysClock)
    SetSysClock                              0x08001c5f   Thumb Code     8  system_stm32f10x.o(i.SetSysClock)
    i.SetSysClockTo72                        0x08001c68   Section        0  system_stm32f10x.o(i.SetSysClockTo72)
    SetSysClockTo72                          0x08001c69   Thumb Code   214  system_stm32f10x.o(i.SetSysClockTo72)
    i.Short_circuit_Output                   0x08001d48   Section        0  app.o(i.Short_circuit_Output)
    i.Short_circuit_recovery                 0x08001e30   Section        0  app.o(i.Short_circuit_recovery)
    i.Slave_Communication_Task               0x08001ebc   Section        0  slave.o(i.Slave_Communication_Task)
    i.Slave_Detect                           0x08002184   Section        0  slave.o(i.Slave_Detect)
    Slave_Detect                             0x08002185   Thumb Code    48  slave.o(i.Slave_Detect)
    i.Slave_Reset                            0x080021c8   Section        0  app.o(i.Slave_Reset)
    i.SysTick_Handler                        0x080021ec   Section        0  systick.o(i.SysTick_Handler)
    i.SystemInit                             0x08002218   Section        0  system_stm32f10x.o(i.SystemInit)
    i.Systick_Init                           0x08002278   Section        0  systick.o(i.Systick_Init)
    i.TIM4_Config                            0x080022cc   Section        0  tim.o(i.TIM4_Config)
    TIM4_Config                              0x080022cd   Thumb Code    60  tim.o(i.TIM4_Config)
    i.TIM4_IRQHandler                        0x0800230c   Section        0  tim.o(i.TIM4_IRQHandler)
    i.TIM4_Init                              0x08002338   Section        0  tim.o(i.TIM4_Init)
    i.TIM4_NVIC_Config                       0x08002344   Section        0  tim.o(i.TIM4_NVIC_Config)
    TIM4_NVIC_Config                         0x08002345   Thumb Code    30  tim.o(i.TIM4_NVIC_Config)
    i.TIM_ClearFlag                          0x08002362   Section        0  stm32f10x_tim.o(i.TIM_ClearFlag)
    i.TIM_ClearITPendingBit                  0x08002368   Section        0  stm32f10x_tim.o(i.TIM_ClearITPendingBit)
    i.TIM_Cmd                                0x0800236e   Section        0  stm32f10x_tim.o(i.TIM_Cmd)
    i.TIM_GetITStatus                        0x08002386   Section        0  stm32f10x_tim.o(i.TIM_GetITStatus)
    i.TIM_ITConfig                           0x080023a8   Section        0  stm32f10x_tim.o(i.TIM_ITConfig)
    i.TIM_TimeBaseInit                       0x080023bc   Section        0  stm32f10x_tim.o(i.TIM_TimeBaseInit)
    i.Tim4_Delay_x10us                       0x08002460   Section        0  tim.o(i.Tim4_Delay_x10us)
    i.USART1_Config                          0x08002498   Section        0  usart.o(i.USART1_Config)
    i.USART2_IRQHandler                      0x08002518   Section        0  usart.o(i.USART2_IRQHandler)
    i.USART_Cmd                              0x08002568   Section        0  stm32f10x_usart.o(i.USART_Cmd)
    i.USART_GetFlagStatus                    0x08002580   Section        0  stm32f10x_usart.o(i.USART_GetFlagStatus)
    i.USART_GetITStatus                      0x0800259a   Section        0  stm32f10x_usart.o(i.USART_GetITStatus)
    i.USART_Init                             0x080025f0   Section        0  stm32f10x_usart.o(i.USART_Init)
    i.USART_ReceiveData                      0x080026c8   Section        0  stm32f10x_usart.o(i.USART_ReceiveData)
    i.USART_SendData                         0x080026d2   Section        0  stm32f10x_usart.o(i.USART_SendData)
    i.UsageFault_Handler                     0x080026da   Section        0  stm32f10x_it.o(i.UsageFault_Handler)
    i.__0printf                              0x080026e0   Section        0  printfa.o(i.__0printf)
    i.__scatterload_copy                     0x08002700   Section       14  handlers.o(i.__scatterload_copy)
    i.__scatterload_null                     0x0800270e   Section        2  handlers.o(i.__scatterload_null)
    i.__scatterload_zeroinit                 0x08002710   Section       14  handlers.o(i.__scatterload_zeroinit)
    i._fp_digits                             0x08002720   Section        0  printfa.o(i._fp_digits)
    _fp_digits                               0x08002721   Thumb Code   366  printfa.o(i._fp_digits)
    i._printf_core                           0x080028a4   Section        0  printfa.o(i._printf_core)
    _printf_core                             0x080028a5   Thumb Code  1744  printfa.o(i._printf_core)
    i._printf_post_padding                   0x08002f80   Section        0  printfa.o(i._printf_post_padding)
    _printf_post_padding                     0x08002f81   Thumb Code    36  printfa.o(i._printf_post_padding)
    i._printf_pre_padding                    0x08002fa4   Section        0  printfa.o(i._printf_pre_padding)
    _printf_pre_padding                      0x08002fa5   Thumb Code    46  printfa.o(i._printf_pre_padding)
    i.delay_ms                               0x08002fd4   Section        0  systick.o(i.delay_ms)
    i.fputc                                  0x08002fe8   Section        0  usart.o(i.fputc)
    i.get_device_id                          0x0800300c   Section        0  slave.o(i.get_device_id)
    i.main                                   0x08003018   Section        0  main.o(i.main)
    .constdata                               0x08003284   Section        3  main.o(.constdata)
    .data                                    0x20000000   Section       20  stm32f10x_rcc.o(.data)
    APBAHBPrescTable                         0x20000000   Data          16  stm32f10x_rcc.o(.data)
    ADCPrescTable                            0x20000010   Data           4  stm32f10x_rcc.o(.data)
    .data                                    0x20000014   Section        4  main.o(.data)
    .data                                    0x20000018   Section        3  usart.o(.data)
    .data                                    0x2000001c   Section        4  tim.o(.data)
    .data                                    0x20000020   Section        9  slave.o(.data)
    device_id                                0x20000020   Data           1  slave.o(.data)
    slave_wait_count                         0x20000024   Data           4  slave.o(.data)
    error_count                              0x20000028   Data           1  slave.o(.data)
    .data                                    0x2000002c   Section        9  app.o(.data)
    led_count                                0x2000002c   Data           1  app.o(.data)
    low_curent_cnt                           0x2000002d   Data           1  app.o(.data)
    over_current_count                       0x20000030   Data           4  app.o(.data)
    short_count                              0x20000034   Data           1  app.o(.data)
    .data                                    0x20000038   Section        4  stdout.o(.data)
    .bss                                     0x2000003c   Section       32  systick.o(.bss)
    .bss                                     0x2000005c   Section       96  adc.o(.bss)
    ADC_DataBuf                              0x2000005c   Data          80  adc.o(.bss)
    STACK                                    0x200000c0   Section     1024  startup_stm32f10x_md.o(STACK)

    Global Symbols

    Symbol Name                              Value     Ov Type        Size  Object(Section)

    BuildAttributes$$THM_ISAv4$P$D$K$B$S$PE$A:L22UL41UL21$X:L11$S22US41US21$IEEE1$IW$USESV6$~STKCKD$USESV7$~SHL$OTIME$ROPI$EBA8$MICROLIB$REQ8$PRES8$EABIv2 0x00000000   Number         0  anon$$obj.o ABSOLUTE
    __ARM_use_no_argv                        0x00000000   Number         0  main.o ABSOLUTE
    _printf_a                                0x00000000   Number         0  stubs.o ABSOLUTE
    _printf_c                                0x00000000   Number         0  stubs.o ABSOLUTE
    _printf_charcount                        0x00000000   Number         0  stubs.o ABSOLUTE
    _printf_d                                0x00000000   Number         0  stubs.o ABSOLUTE
    _printf_e                                0x00000000   Number         0  stubs.o ABSOLUTE
    _printf_f                                0x00000000   Number         0  stubs.o ABSOLUTE
    _printf_flags                            0x00000000   Number         0  stubs.o ABSOLUTE
    _printf_fp_dec                           0x00000000   Number         0  stubs.o ABSOLUTE
    _printf_fp_hex                           0x00000000   Number         0  stubs.o ABSOLUTE
    _printf_g                                0x00000000   Number         0  stubs.o ABSOLUTE
    _printf_i                                0x00000000   Number         0  stubs.o ABSOLUTE
    _printf_int_dec                          0x00000000   Number         0  stubs.o ABSOLUTE
    _printf_l                                0x00000000   Number         0  stubs.o ABSOLUTE
    _printf_lc                               0x00000000   Number         0  stubs.o ABSOLUTE
    _printf_ll                               0x00000000   Number         0  stubs.o ABSOLUTE
    _printf_lld                              0x00000000   Number         0  stubs.o ABSOLUTE
    _printf_lli                              0x00000000   Number         0  stubs.o ABSOLUTE
    _printf_llo                              0x00000000   Number         0  stubs.o ABSOLUTE
    _printf_llu                              0x00000000   Number         0  stubs.o ABSOLUTE
    _printf_llx                              0x00000000   Number         0  stubs.o ABSOLUTE
    _printf_longlong_dec                     0x00000000   Number         0  stubs.o ABSOLUTE
    _printf_longlong_hex                     0x00000000   Number         0  stubs.o ABSOLUTE
    _printf_longlong_oct                     0x00000000   Number         0  stubs.o ABSOLUTE
    _printf_ls                               0x00000000   Number         0  stubs.o ABSOLUTE
    _printf_mbtowc                           0x00000000   Number         0  stubs.o ABSOLUTE
    _printf_n                                0x00000000   Number         0  stubs.o ABSOLUTE
    _printf_o                                0x00000000   Number         0  stubs.o ABSOLUTE
    _printf_p                                0x00000000   Number         0  stubs.o ABSOLUTE
    _printf_percent                          0x00000000   Number         0  stubs.o ABSOLUTE
    _printf_pre_padding                      0x00000000   Number         0  stubs.o ABSOLUTE
    _printf_return_value                     0x00000000   Number         0  stubs.o ABSOLUTE
    _printf_s                                0x00000000   Number         0  stubs.o ABSOLUTE
    _printf_sizespec                         0x00000000   Number         0  stubs.o ABSOLUTE
    _printf_str                              0x00000000   Number         0  stubs.o ABSOLUTE
    _printf_truncate_signed                  0x00000000   Number         0  stubs.o ABSOLUTE
    _printf_truncate_unsigned                0x00000000   Number         0  stubs.o ABSOLUTE
    _printf_u                                0x00000000   Number         0  stubs.o ABSOLUTE
    _printf_wc                               0x00000000   Number         0  stubs.o ABSOLUTE
    _printf_wctomb                           0x00000000   Number         0  stubs.o ABSOLUTE
    _printf_widthprec                        0x00000000   Number         0  stubs.o ABSOLUTE
    _printf_x                                0x00000000   Number         0  stubs.o ABSOLUTE
    __cpp_initialize__aeabi_                  - Undefined Weak Reference
    __cxa_finalize                            - Undefined Weak Reference
    __decompress                              - Undefined Weak Reference
    _clock_init                               - Undefined Weak Reference
    _microlib_exit                            - Undefined Weak Reference
    __Vectors_Size                           0x000000ec   Number         0  startup_stm32f10x_md.o ABSOLUTE
    __Vectors                                0x08000000   Data           4  startup_stm32f10x_md.o(RESET)
    __Vectors_End                            0x080000ec   Data           0  startup_stm32f10x_md.o(RESET)
    __main                                   0x080000ed   Thumb Code     0  entry.o(.ARM.Collect$$$$00000000)
    _main_stk                                0x080000ed   Thumb Code     0  entry2.o(.ARM.Collect$$$$00000001)
    _main_scatterload                        0x080000f1   Thumb Code     0  entry5.o(.ARM.Collect$$$$00000004)
    __main_after_scatterload                 0x080000f5   Thumb Code     0  entry5.o(.ARM.Collect$$$$00000004)
    _main_clock                              0x080000f5   Thumb Code     0  entry7b.o(.ARM.Collect$$$$00000008)
    _main_cpp_init                           0x080000f5   Thumb Code     0  entry8b.o(.ARM.Collect$$$$0000000A)
    _main_init                               0x080000f5   Thumb Code     0  entry9a.o(.ARM.Collect$$$$0000000B)
    __rt_final_cpp                           0x080000fd   Thumb Code     0  entry10a.o(.ARM.Collect$$$$0000000D)
    __rt_final_exit                          0x080000fd   Thumb Code     0  entry11a.o(.ARM.Collect$$$$0000000F)
    Reset_Handler                            0x08000101   Thumb Code     8  startup_stm32f10x_md.o(.text)
    ADC1_2_IRQHandler                        0x0800011b   Thumb Code     0  startup_stm32f10x_md.o(.text)
    CAN1_RX1_IRQHandler                      0x0800011b   Thumb Code     0  startup_stm32f10x_md.o(.text)
    CAN1_SCE_IRQHandler                      0x0800011b   Thumb Code     0  startup_stm32f10x_md.o(.text)
    DMA1_Channel1_IRQHandler                 0x0800011b   Thumb Code     0  startup_stm32f10x_md.o(.text)
    DMA1_Channel2_IRQHandler                 0x0800011b   Thumb Code     0  startup_stm32f10x_md.o(.text)
    DMA1_Channel3_IRQHandler                 0x0800011b   Thumb Code     0  startup_stm32f10x_md.o(.text)
    DMA1_Channel4_IRQHandler                 0x0800011b   Thumb Code     0  startup_stm32f10x_md.o(.text)
    DMA1_Channel5_IRQHandler                 0x0800011b   Thumb Code     0  startup_stm32f10x_md.o(.text)
    DMA1_Channel6_IRQHandler                 0x0800011b   Thumb Code     0  startup_stm32f10x_md.o(.text)
    DMA1_Channel7_IRQHandler                 0x0800011b   Thumb Code     0  startup_stm32f10x_md.o(.text)
    EXTI0_IRQHandler                         0x0800011b   Thumb Code     0  startup_stm32f10x_md.o(.text)
    EXTI15_10_IRQHandler                     0x0800011b   Thumb Code     0  startup_stm32f10x_md.o(.text)
    EXTI1_IRQHandler                         0x0800011b   Thumb Code     0  startup_stm32f10x_md.o(.text)
    EXTI2_IRQHandler                         0x0800011b   Thumb Code     0  startup_stm32f10x_md.o(.text)
    EXTI3_IRQHandler                         0x0800011b   Thumb Code     0  startup_stm32f10x_md.o(.text)
    EXTI4_IRQHandler                         0x0800011b   Thumb Code     0  startup_stm32f10x_md.o(.text)
    EXTI9_5_IRQHandler                       0x0800011b   Thumb Code     0  startup_stm32f10x_md.o(.text)
    FLASH_IRQHandler                         0x0800011b   Thumb Code     0  startup_stm32f10x_md.o(.text)
    I2C1_ER_IRQHandler                       0x0800011b   Thumb Code     0  startup_stm32f10x_md.o(.text)
    I2C1_EV_IRQHandler                       0x0800011b   Thumb Code     0  startup_stm32f10x_md.o(.text)
    I2C2_ER_IRQHandler                       0x0800011b   Thumb Code     0  startup_stm32f10x_md.o(.text)
    I2C2_EV_IRQHandler                       0x0800011b   Thumb Code     0  startup_stm32f10x_md.o(.text)
    PVD_IRQHandler                           0x0800011b   Thumb Code     0  startup_stm32f10x_md.o(.text)
    RCC_IRQHandler                           0x0800011b   Thumb Code     0  startup_stm32f10x_md.o(.text)
    RTCAlarm_IRQHandler                      0x0800011b   Thumb Code     0  startup_stm32f10x_md.o(.text)
    RTC_IRQHandler                           0x0800011b   Thumb Code     0  startup_stm32f10x_md.o(.text)
    SPI1_IRQHandler                          0x0800011b   Thumb Code     0  startup_stm32f10x_md.o(.text)
    SPI2_IRQHandler                          0x0800011b   Thumb Code     0  startup_stm32f10x_md.o(.text)
    TAMPER_IRQHandler                        0x0800011b   Thumb Code     0  startup_stm32f10x_md.o(.text)
    TIM1_BRK_IRQHandler                      0x0800011b   Thumb Code     0  startup_stm32f10x_md.o(.text)
    TIM1_CC_IRQHandler                       0x0800011b   Thumb Code     0  startup_stm32f10x_md.o(.text)
    TIM1_TRG_COM_IRQHandler                  0x0800011b   Thumb Code     0  startup_stm32f10x_md.o(.text)
    TIM1_UP_IRQHandler                       0x0800011b   Thumb Code     0  startup_stm32f10x_md.o(.text)
    TIM2_IRQHandler                          0x0800011b   Thumb Code     0  startup_stm32f10x_md.o(.text)
    TIM3_IRQHandler                          0x0800011b   Thumb Code     0  startup_stm32f10x_md.o(.text)
    USART1_IRQHandler                        0x0800011b   Thumb Code     0  startup_stm32f10x_md.o(.text)
    USART3_IRQHandler                        0x0800011b   Thumb Code     0  startup_stm32f10x_md.o(.text)
    USBWakeUp_IRQHandler                     0x0800011b   Thumb Code     0  startup_stm32f10x_md.o(.text)
    USB_HP_CAN1_TX_IRQHandler                0x0800011b   Thumb Code     0  startup_stm32f10x_md.o(.text)
    USB_LP_CAN1_RX0_IRQHandler               0x0800011b   Thumb Code     0  startup_stm32f10x_md.o(.text)
    WWDG_IRQHandler                          0x0800011b   Thumb Code     0  startup_stm32f10x_md.o(.text)
    __aeabi_fadd                             0x08000125   Thumb Code   164  fadd.o(.text)
    __aeabi_fsub                             0x080001c9   Thumb Code     6  fadd.o(.text)
    __aeabi_frsub                            0x080001cf   Thumb Code     6  fadd.o(.text)
    __aeabi_fmul                             0x080001d5   Thumb Code   100  fmul.o(.text)
    __aeabi_fdiv                             0x08000239   Thumb Code   124  fdiv.o(.text)
    __aeabi_dadd                             0x080002b5   Thumb Code   322  dadd.o(.text)
    __aeabi_dsub                             0x080003f7   Thumb Code     6  dadd.o(.text)
    __aeabi_drsub                            0x080003fd   Thumb Code     6  dadd.o(.text)
    __aeabi_dmul                             0x08000403   Thumb Code   228  dmul.o(.text)
    __aeabi_ddiv                             0x080004e7   Thumb Code   222  ddiv.o(.text)
    __aeabi_ui2f                             0x080005c5   Thumb Code    10  ffltui.o(.text)
    __aeabi_f2d                              0x080005cf   Thumb Code    38  f2d.o(.text)
    __aeabi_cdcmpeq                          0x080005f5   Thumb Code     0  cdcmple.o(.text)
    __aeabi_cdcmple                          0x080005f5   Thumb Code    48  cdcmple.o(.text)
    __aeabi_cdrcmple                         0x08000625   Thumb Code    48  cdrcmple.o(.text)
    __aeabi_d2f                              0x08000655   Thumb Code    56  d2f.o(.text)
    __aeabi_cfcmpeq                          0x0800068d   Thumb Code     0  cfcmple.o(.text)
    __aeabi_cfcmple                          0x0800068d   Thumb Code    20  cfcmple.o(.text)
    __aeabi_cfrcmple                         0x080006a1   Thumb Code    20  cfrcmple.o(.text)
    __aeabi_uidiv                            0x080006b5   Thumb Code     0  uidiv.o(.text)
    __aeabi_uidivmod                         0x080006b5   Thumb Code    44  uidiv.o(.text)
    __aeabi_uldivmod                         0x080006e1   Thumb Code    98  uldiv.o(.text)
    __aeabi_llsl                             0x08000743   Thumb Code    30  llshl.o(.text)
    _ll_shift_l                              0x08000743   Thumb Code     0  llshl.o(.text)
    __aeabi_lasr                             0x08000761   Thumb Code    36  llsshr.o(.text)
    _ll_sshift_r                             0x08000761   Thumb Code     0  llsshr.o(.text)
    __I$use$fp                               0x08000785   Thumb Code     0  iusefp.o(.text)
    _float_round                             0x08000785   Thumb Code    18  fepilogue.o(.text)
    _float_epilogue                          0x08000797   Thumb Code    92  fepilogue.o(.text)
    _double_round                            0x080007f3   Thumb Code    30  depilogue.o(.text)
    _double_epilogue                         0x08000811   Thumb Code   156  depilogue.o(.text)
    __aeabi_d2ulz                            0x080008ad   Thumb Code    48  dfixul.o(.text)
    __scatterload                            0x080008dd   Thumb Code    28  init.o(.text)
    __scatterload_rt2                        0x080008dd   Thumb Code     0  init.o(.text)
    __aeabi_llsr                             0x08000901   Thumb Code    32  llushr.o(.text)
    _ll_ushift_r                             0x08000901   Thumb Code     0  llushr.o(.text)
    ADC_Cmd                                  0x08000921   Thumb Code    22  stm32f10x_adc.o(i.ADC_Cmd)
    ADC_DMACmd                               0x08000937   Thumb Code    22  stm32f10x_adc.o(i.ADC_DMACmd)
    ADC_GetCalibrationStatus                 0x0800094d   Thumb Code    20  stm32f10x_adc.o(i.ADC_GetCalibrationStatus)
    ADC_GetResetCalibrationStatus            0x08000961   Thumb Code    20  stm32f10x_adc.o(i.ADC_GetResetCalibrationStatus)
    ADC_Init                                 0x08000975   Thumb Code    70  stm32f10x_adc.o(i.ADC_Init)
    ADC_RegularChannelConfig                 0x080009c5   Thumb Code   184  stm32f10x_adc.o(i.ADC_RegularChannelConfig)
    ADC_ResetCalibration                     0x08000a7d   Thumb Code    10  stm32f10x_adc.o(i.ADC_ResetCalibration)
    ADC_SoftwareStartConvCmd                 0x08000a87   Thumb Code    22  stm32f10x_adc.o(i.ADC_SoftwareStartConvCmd)
    ADC_StartCalibration                     0x08000a9d   Thumb Code    10  stm32f10x_adc.o(i.ADC_StartCalibration)
    ADCx_Mode_Init                           0x08000b65   Thumb Code   180  adc.o(i.ADCx_Mode_Init)
    ASC711_Over_Current_Protect              0x08000c1d   Thumb Code   136  app.o(i.ASC711_Over_Current_Protect)
    BusFault_Handler                         0x08000cc9   Thumb Code     4  stm32f10x_it.o(i.BusFault_Handler)
    CHIP_ENABLE_GPIO_Config                  0x08000ccd   Thumb Code   164  peripher_gpio.o(i.CHIP_ENABLE_GPIO_Config)
    Channel_Voltage_Calculate                0x08000d7d   Thumb Code   388  adc.o(i.Channel_Voltage_Calculate)
    DMA_Cmd                                  0x08000f11   Thumb Code    24  stm32f10x_dma.o(i.DMA_Cmd)
    DMA_Init                                 0x08000f29   Thumb Code    60  stm32f10x_dma.o(i.DMA_Init)
    DQ_TX_RX_GPIO_Config                     0x08000f65   Thumb Code    72  peripher_gpio.o(i.DQ_TX_RX_GPIO_Config)
    DebugMon_Handler                         0x08000fb1   Thumb Code     2  stm32f10x_it.o(i.DebugMon_Handler)
    FLASH_PrefetchBufferCmd                  0x08000fb5   Thumb Code    22  stm32f10x_flash.o(i.FLASH_PrefetchBufferCmd)
    FLASH_SetLatency                         0x08000fd1   Thumb Code    18  stm32f10x_flash.o(i.FLASH_SetLatency)
    GPIO_Init                                0x08000fe9   Thumb Code   278  stm32f10x_gpio.o(i.GPIO_Init)
    GPIO_PinRemapConfig                      0x08001101   Thumb Code   138  stm32f10x_gpio.o(i.GPIO_PinRemapConfig)
    GPIO_ReadInputDataBit                    0x08001191   Thumb Code    18  stm32f10x_gpio.o(i.GPIO_ReadInputDataBit)
    GPIO_ResetBits                           0x080011a3   Thumb Code     4  stm32f10x_gpio.o(i.GPIO_ResetBits)
    GPIO_SetBits                             0x080011a7   Thumb Code     4  stm32f10x_gpio.o(i.GPIO_SetBits)
    Get_Charging_Current_Samp_Refer_Volt     0x080011ad   Thumb Code    22  adc.o(i.Get_Charging_Current_Samp_Refer_Volt)
    HSI_SetSystemCLK                         0x080011c9   Thumb Code   132  main.o(i.HSI_SetSystemCLK)
    Handshake_Light_Indication               0x08001251   Thumb Code   100  app.o(i.Handshake_Light_Indication)
    HardFault_Handler                        0x080012b9   Thumb Code     4  stm32f10x_it.o(i.HardFault_Handler)
    Indication_LED_Control                   0x080012bd   Thumb Code   138  led.o(i.Indication_LED_Control)
    LED_GPIO_Config                          0x0800134d   Thumb Code   120  led.o(i.LED_GPIO_Config)
    Low_Current_Shutoff                      0x080013cd   Thumb Code   196  app.o(i.Low_Current_Shutoff)
    MemManage_Handler                        0x080014d1   Thumb Code     4  stm32f10x_it.o(i.MemManage_Handler)
    NMI_Handler                              0x080014d5   Thumb Code     2  stm32f10x_it.o(i.NMI_Handler)
    NVIC_Init                                0x080014d9   Thumb Code   100  misc.o(i.NVIC_Init)
    NVIC_PriorityGroupConfig                 0x08001549   Thumb Code    10  misc.o(i.NVIC_PriorityGroupConfig)
    Oneline_Master_RST                       0x0800155d   Thumb Code   144  oneline.o(i.Oneline_Master_RST)
    Oneline_Master_Read_Reg                  0x080015f1   Thumb Code    26  oneline.o(i.Oneline_Master_Read_Reg)
    Oneline_Master_Write_Reg                 0x0800160b   Thumb Code    26  oneline.o(i.Oneline_Master_Write_Reg)
    Oneline_Master_delay                     0x08001625   Thumb Code    22  oneline.o(i.Oneline_Master_delay)
    Online_Master_Read_Byte                  0x0800163d   Thumb Code   102  oneline.o(i.Online_Master_Read_Byte)
    Online_Master_Write_Byte                 0x080016a9   Thumb Code   100  oneline.o(i.Online_Master_Write_Byte)
    Over_Current_Protect                     0x08001711   Thumb Code   212  app.o(i.Over_Current_Protect)
    Over_Temperature_Protect                 0x08001821   Thumb Code   128  app.o(i.Over_Temperature_Protect)
    Over_Volt_Under_Volt_Protect             0x080018d9   Thumb Code   192  app.o(i.Over_Volt_Under_Volt_Protect)
    PendSV_Handler                           0x080019e1   Thumb Code     2  stm32f10x_it.o(i.PendSV_Handler)
    RCC_ADCCLKConfig                         0x080019e5   Thumb Code    18  stm32f10x_rcc.o(i.RCC_ADCCLKConfig)
    RCC_AHBPeriphClockCmd                    0x080019fd   Thumb Code    26  stm32f10x_rcc.o(i.RCC_AHBPeriphClockCmd)
    RCC_APB1PeriphClockCmd                   0x08001a1d   Thumb Code    26  stm32f10x_rcc.o(i.RCC_APB1PeriphClockCmd)
    RCC_APB2PeriphClockCmd                   0x08001a3d   Thumb Code    26  stm32f10x_rcc.o(i.RCC_APB2PeriphClockCmd)
    RCC_DeInit                               0x08001a5d   Thumb Code    64  stm32f10x_rcc.o(i.RCC_DeInit)
    RCC_GetClocksFreq                        0x08001aa9   Thumb Code   192  stm32f10x_rcc.o(i.RCC_GetClocksFreq)
    RCC_GetFlagStatus                        0x08001b7d   Thumb Code    56  stm32f10x_rcc.o(i.RCC_GetFlagStatus)
    RCC_GetSYSCLKSource                      0x08001bb9   Thumb Code    10  stm32f10x_rcc.o(i.RCC_GetSYSCLKSource)
    RCC_HCLKConfig                           0x08001bc9   Thumb Code    18  stm32f10x_rcc.o(i.RCC_HCLKConfig)
    RCC_LSICmd                               0x08001be1   Thumb Code     6  stm32f10x_rcc.o(i.RCC_LSICmd)
    RCC_PCLK1Config                          0x08001bed   Thumb Code    18  stm32f10x_rcc.o(i.RCC_PCLK1Config)
    RCC_PCLK2Config                          0x08001c05   Thumb Code    20  stm32f10x_rcc.o(i.RCC_PCLK2Config)
    RCC_PLLCmd                               0x08001c1d   Thumb Code     6  stm32f10x_rcc.o(i.RCC_PLLCmd)
    RCC_PLLConfig                            0x08001c29   Thumb Code    24  stm32f10x_rcc.o(i.RCC_PLLConfig)
    RCC_SYSCLKConfig                         0x08001c45   Thumb Code    18  stm32f10x_rcc.o(i.RCC_SYSCLKConfig)
    SVC_Handler                              0x08001c5d   Thumb Code     2  stm32f10x_it.o(i.SVC_Handler)
    Short_circuit_Output                     0x08001d49   Thumb Code   166  app.o(i.Short_circuit_Output)
    Short_circuit_recovery                   0x08001e31   Thumb Code    80  app.o(i.Short_circuit_recovery)
    Slave_Communication_Task                 0x08001ebd   Thumb Code   544  slave.o(i.Slave_Communication_Task)
    Slave_Reset                              0x080021c9   Thumb Code    30  app.o(i.Slave_Reset)
    SysTick_Handler                          0x080021ed   Thumb Code    38  systick.o(i.SysTick_Handler)
    SystemInit                               0x08002219   Thumb Code    78  system_stm32f10x.o(i.SystemInit)
    Systick_Init                             0x08002279   Thumb Code    76  systick.o(i.Systick_Init)
    TIM4_IRQHandler                          0x0800230d   Thumb Code    34  tim.o(i.TIM4_IRQHandler)
    TIM4_Init                                0x08002339   Thumb Code    12  tim.o(i.TIM4_Init)
    TIM_ClearFlag                            0x08002363   Thumb Code     6  stm32f10x_tim.o(i.TIM_ClearFlag)
    TIM_ClearITPendingBit                    0x08002369   Thumb Code     6  stm32f10x_tim.o(i.TIM_ClearITPendingBit)
    TIM_Cmd                                  0x0800236f   Thumb Code    24  stm32f10x_tim.o(i.TIM_Cmd)
    TIM_GetITStatus                          0x08002387   Thumb Code    34  stm32f10x_tim.o(i.TIM_GetITStatus)
    TIM_ITConfig                             0x080023a9   Thumb Code    18  stm32f10x_tim.o(i.TIM_ITConfig)
    TIM_TimeBaseInit                         0x080023bd   Thumb Code   122  stm32f10x_tim.o(i.TIM_TimeBaseInit)
    Tim4_Delay_x10us                         0x08002461   Thumb Code    46  tim.o(i.Tim4_Delay_x10us)
    USART1_Config                            0x08002499   Thumb Code   120  usart.o(i.USART1_Config)
    USART2_IRQHandler                        0x08002519   Thumb Code    68  usart.o(i.USART2_IRQHandler)
    USART_Cmd                                0x08002569   Thumb Code    24  stm32f10x_usart.o(i.USART_Cmd)
    USART_GetFlagStatus                      0x08002581   Thumb Code    26  stm32f10x_usart.o(i.USART_GetFlagStatus)
    USART_GetITStatus                        0x0800259b   Thumb Code    84  stm32f10x_usart.o(i.USART_GetITStatus)
    USART_Init                               0x080025f1   Thumb Code   210  stm32f10x_usart.o(i.USART_Init)
    USART_ReceiveData                        0x080026c9   Thumb Code    10  stm32f10x_usart.o(i.USART_ReceiveData)
    USART_SendData                           0x080026d3   Thumb Code     8  stm32f10x_usart.o(i.USART_SendData)
    UsageFault_Handler                       0x080026db   Thumb Code     4  stm32f10x_it.o(i.UsageFault_Handler)
    __0printf                                0x080026e1   Thumb Code    22  printfa.o(i.__0printf)
    __1printf                                0x080026e1   Thumb Code     0  printfa.o(i.__0printf)
    __2printf                                0x080026e1   Thumb Code     0  printfa.o(i.__0printf)
    __c89printf                              0x080026e1   Thumb Code     0  printfa.o(i.__0printf)
    printf                                   0x080026e1   Thumb Code     0  printfa.o(i.__0printf)
    __scatterload_copy                       0x08002701   Thumb Code    14  handlers.o(i.__scatterload_copy)
    __scatterload_null                       0x0800270f   Thumb Code     2  handlers.o(i.__scatterload_null)
    __scatterload_zeroinit                   0x08002711   Thumb Code    14  handlers.o(i.__scatterload_zeroinit)
    delay_ms                                 0x08002fd5   Thumb Code    16  systick.o(i.delay_ms)
    fputc                                    0x08002fe9   Thumb Code    32  usart.o(i.fputc)
    get_device_id                            0x0800300d   Thumb Code     6  slave.o(i.get_device_id)
    main                                     0x08003019   Thumb Code   460  main.o(i.main)
    soft_version                             0x08003284   Data           3  main.o(.constdata)
    Region$$Table$$Base                      0x08003288   Number         0  anon$$obj.o(Region$$Table)
    Region$$Table$$Limit                     0x080032a8   Number         0  anon$$obj.o(Region$$Table)
    charge_samp_I_ref                        0x20000014   Data           4  main.o(.data)
    USART2_RX_STA                            0x20000018   Data           1  usart.o(.data)
    USART2_RX_Buf                            0x20000019   Data           2  usart.o(.data)
    timer4_count                             0x2000001c   Data           4  tim.o(.data)
    low_current_shuttime                     0x20000021   Data           1  slave.o(.data)
    slave_flag                               0x20000022   Data           1  slave.o(.data)
    __stdout                                 0x20000038   Data           4  stdout.o(.data)
    clock_array                              0x2000003c   Data          32  systick.o(.bss)
    Volt_Channel                             0x200000ac   Data          16  adc.o(.bss)
    __initial_sp                             0x200004c0   Data           0  startup_stm32f10x_md.o(STACK)



==============================================================================

Memory Map of the image

  Image Entry point : 0x080000ed

  Load Region LR_IROM1 (Base: 0x08000000, Size: 0x000032e4, Max: 0x00010000, ABSOLUTE)

    Execution Region ER_IROM1 (Exec base: 0x08000000, Load base: 0x08000000, Size: 0x000032a8, Max: 0x00010000, ABSOLUTE)

    Exec Addr    Load Addr    Size         Type   Attr      Idx    E Section Name        Object

    0x08000000   0x08000000   0x000000ec   Data   RO            3    RESET               startup_stm32f10x_md.o
    0x080000ec   0x080000ec   0x00000000   Code   RO         3600  * .ARM.Collect$$$$00000000  mc_w.l(entry.o)
    0x080000ec   0x080000ec   0x00000004   Code   RO         3890    .ARM.Collect$$$$00000001  mc_w.l(entry2.o)
    0x080000f0   0x080000f0   0x00000004   Code   RO         3893    .ARM.Collect$$$$00000004  mc_w.l(entry5.o)
    0x080000f4   0x080000f4   0x00000000   Code   RO         3895    .ARM.Collect$$$$00000008  mc_w.l(entry7b.o)
    0x080000f4   0x080000f4   0x00000000   Code   RO         3897    .ARM.Collect$$$$0000000A  mc_w.l(entry8b.o)
    0x080000f4   0x080000f4   0x00000008   Code   RO         3898    .ARM.Collect$$$$0000000B  mc_w.l(entry9a.o)
    0x080000fc   0x080000fc   0x00000000   Code   RO         3900    .ARM.Collect$$$$0000000D  mc_w.l(entry10a.o)
    0x080000fc   0x080000fc   0x00000000   Code   RO         3902    .ARM.Collect$$$$0000000F  mc_w.l(entry11a.o)
    0x080000fc   0x080000fc   0x00000004   Code   RO         3891    .ARM.Collect$$$$00002712  mc_w.l(entry2.o)
    0x08000100   0x08000100   0x00000024   Code   RO            4    .text               startup_stm32f10x_md.o
    0x08000124   0x08000124   0x000000b0   Code   RO         3864    .text               mf_w.l(fadd.o)
    0x080001d4   0x080001d4   0x00000064   Code   RO         3866    .text               mf_w.l(fmul.o)
    0x08000238   0x08000238   0x0000007c   Code   RO         3868    .text               mf_w.l(fdiv.o)
    0x080002b4   0x080002b4   0x0000014e   Code   RO         3870    .text               mf_w.l(dadd.o)
    0x08000402   0x08000402   0x000000e4   Code   RO         3872    .text               mf_w.l(dmul.o)
    0x080004e6   0x080004e6   0x000000de   Code   RO         3874    .text               mf_w.l(ddiv.o)
    0x080005c4   0x080005c4   0x0000000a   Code   RO         3876    .text               mf_w.l(ffltui.o)
    0x080005ce   0x080005ce   0x00000026   Code   RO         3878    .text               mf_w.l(f2d.o)
    0x080005f4   0x080005f4   0x00000030   Code   RO         3880    .text               mf_w.l(cdcmple.o)
    0x08000624   0x08000624   0x00000030   Code   RO         3882    .text               mf_w.l(cdrcmple.o)
    0x08000654   0x08000654   0x00000038   Code   RO         3884    .text               mf_w.l(d2f.o)
    0x0800068c   0x0800068c   0x00000014   Code   RO         3886    .text               mf_w.l(cfcmple.o)
    0x080006a0   0x080006a0   0x00000014   Code   RO         3888    .text               mf_w.l(cfrcmple.o)
    0x080006b4   0x080006b4   0x0000002c   Code   RO         3905    .text               mc_w.l(uidiv.o)
    0x080006e0   0x080006e0   0x00000062   Code   RO         3907    .text               mc_w.l(uldiv.o)
    0x08000742   0x08000742   0x0000001e   Code   RO         3909    .text               mc_w.l(llshl.o)
    0x08000760   0x08000760   0x00000024   Code   RO         3911    .text               mc_w.l(llsshr.o)
    0x08000784   0x08000784   0x00000000   Code   RO         3913    .text               mc_w.l(iusefp.o)
    0x08000784   0x08000784   0x0000006e   Code   RO         3914    .text               mf_w.l(fepilogue.o)
    0x080007f2   0x080007f2   0x000000ba   Code   RO         3916    .text               mf_w.l(depilogue.o)
    0x080008ac   0x080008ac   0x00000030   Code   RO         3918    .text               mf_w.l(dfixul.o)
    0x080008dc   0x080008dc   0x00000024   Code   RO         3920    .text               mc_w.l(init.o)
    0x08000900   0x08000900   0x00000020   Code   RO         3922    .text               mc_w.l(llushr.o)
    0x08000920   0x08000920   0x00000016   Code   RO          183    i.ADC_Cmd           stm32f10x_adc.o
    0x08000936   0x08000936   0x00000016   Code   RO          184    i.ADC_DMACmd        stm32f10x_adc.o
    0x0800094c   0x0800094c   0x00000014   Code   RO          191    i.ADC_GetCalibrationStatus  stm32f10x_adc.o
    0x08000960   0x08000960   0x00000014   Code   RO          197    i.ADC_GetResetCalibrationStatus  stm32f10x_adc.o
    0x08000974   0x08000974   0x00000050   Code   RO          201    i.ADC_Init          stm32f10x_adc.o
    0x080009c4   0x080009c4   0x000000b8   Code   RO          205    i.ADC_RegularChannelConfig  stm32f10x_adc.o
    0x08000a7c   0x08000a7c   0x0000000a   Code   RO          206    i.ADC_ResetCalibration  stm32f10x_adc.o
    0x08000a86   0x08000a86   0x00000016   Code   RO          208    i.ADC_SoftwareStartConvCmd  stm32f10x_adc.o
    0x08000a9c   0x08000a9c   0x0000000a   Code   RO          210    i.ADC_StartCalibration  stm32f10x_adc.o
    0x08000aa6   0x08000aa6   0x00000002   PAD
    0x08000aa8   0x08000aa8   0x0000005c   Code   RO         3499    i.ADCx_DMA_Config   adc.o
    0x08000b04   0x08000b04   0x00000060   Code   RO         3500    i.ADCx_GPIO_Config  adc.o
    0x08000b64   0x08000b64   0x000000b8   Code   RO         3501    i.ADCx_Mode_Init    adc.o
    0x08000c1c   0x08000c1c   0x000000ac   Code   RO         3539    i.ASC711_Over_Current_Protect  app.o
    0x08000cc8   0x08000cc8   0x00000004   Code   RO         3179    i.BusFault_Handler  stm32f10x_it.o
    0x08000ccc   0x08000ccc   0x000000b0   Code   RO         3406    i.CHIP_ENABLE_GPIO_Config  peripher_gpio.o
    0x08000d7c   0x08000d7c   0x00000194   Code   RO         3502    i.Channel_Voltage_Calculate  adc.o
    0x08000f10   0x08000f10   0x00000018   Code   RO          868    i.DMA_Cmd           stm32f10x_dma.o
    0x08000f28   0x08000f28   0x0000003c   Code   RO          874    i.DMA_Init          stm32f10x_dma.o
    0x08000f64   0x08000f64   0x0000004c   Code   RO         3407    i.DQ_TX_RX_GPIO_Config  peripher_gpio.o
    0x08000fb0   0x08000fb0   0x00000002   Code   RO         3180    i.DebugMon_Handler  stm32f10x_it.o
    0x08000fb2   0x08000fb2   0x00000002   PAD
    0x08000fb4   0x08000fb4   0x0000001c   Code   RO         1009    i.FLASH_PrefetchBufferCmd  stm32f10x_flash.o
    0x08000fd0   0x08000fd0   0x00000018   Code   RO         1014    i.FLASH_SetLatency  stm32f10x_flash.o
    0x08000fe8   0x08000fe8   0x00000116   Code   RO         1292    i.GPIO_Init         stm32f10x_gpio.o
    0x080010fe   0x080010fe   0x00000002   PAD
    0x08001100   0x08001100   0x00000090   Code   RO         1294    i.GPIO_PinRemapConfig  stm32f10x_gpio.o
    0x08001190   0x08001190   0x00000012   Code   RO         1296    i.GPIO_ReadInputDataBit  stm32f10x_gpio.o
    0x080011a2   0x080011a2   0x00000004   Code   RO         1299    i.GPIO_ResetBits    stm32f10x_gpio.o
    0x080011a6   0x080011a6   0x00000004   Code   RO         1300    i.GPIO_SetBits      stm32f10x_gpio.o
    0x080011aa   0x080011aa   0x00000002   PAD
    0x080011ac   0x080011ac   0x0000001c   Code   RO         3503    i.Get_Charging_Current_Samp_Refer_Volt  adc.o
    0x080011c8   0x080011c8   0x00000088   Code   RO         3108    i.HSI_SetSystemCLK  main.o
    0x08001250   0x08001250   0x00000068   Code   RO         3540    i.Handshake_Light_Indication  app.o
    0x080012b8   0x080012b8   0x00000004   Code   RO         3181    i.HardFault_Handler  stm32f10x_it.o
    0x080012bc   0x080012bc   0x00000090   Code   RO         3239    i.Indication_LED_Control  led.o
    0x0800134c   0x0800134c   0x00000080   Code   RO         3240    i.LED_GPIO_Config   led.o
    0x080013cc   0x080013cc   0x00000104   Code   RO         3541    i.Low_Current_Shutoff  app.o
    0x080014d0   0x080014d0   0x00000004   Code   RO         3182    i.MemManage_Handler  stm32f10x_it.o
    0x080014d4   0x080014d4   0x00000002   Code   RO         3183    i.NMI_Handler       stm32f10x_it.o
    0x080014d6   0x080014d6   0x00000002   PAD
    0x080014d8   0x080014d8   0x00000070   Code   RO          137    i.NVIC_Init         misc.o
    0x08001548   0x08001548   0x00000014   Code   RO          138    i.NVIC_PriorityGroupConfig  misc.o
    0x0800155c   0x0800155c   0x00000094   Code   RO         3364    i.Oneline_Master_RST  oneline.o
    0x080015f0   0x080015f0   0x0000001a   Code   RO         3365    i.Oneline_Master_Read_Reg  oneline.o
    0x0800160a   0x0800160a   0x0000001a   Code   RO         3366    i.Oneline_Master_Write_Reg  oneline.o
    0x08001624   0x08001624   0x00000016   Code   RO         3367    i.Oneline_Master_delay  oneline.o
    0x0800163a   0x0800163a   0x00000002   PAD
    0x0800163c   0x0800163c   0x0000006c   Code   RO         3368    i.Online_Master_Read_Byte  oneline.o
    0x080016a8   0x080016a8   0x00000068   Code   RO         3369    i.Online_Master_Write_Byte  oneline.o
    0x08001710   0x08001710   0x00000110   Code   RO         3542    i.Over_Current_Protect  app.o
    0x08001820   0x08001820   0x000000b8   Code   RO         3543    i.Over_Temperature_Protect  app.o
    0x080018d8   0x080018d8   0x00000108   Code   RO         3544    i.Over_Volt_Under_Volt_Protect  app.o
    0x080019e0   0x080019e0   0x00000002   Code   RO         3184    i.PendSV_Handler    stm32f10x_it.o
    0x080019e2   0x080019e2   0x00000002   PAD
    0x080019e4   0x080019e4   0x00000018   Code   RO         1706    i.RCC_ADCCLKConfig  stm32f10x_rcc.o
    0x080019fc   0x080019fc   0x00000020   Code   RO         1707    i.RCC_AHBPeriphClockCmd  stm32f10x_rcc.o
    0x08001a1c   0x08001a1c   0x00000020   Code   RO         1708    i.RCC_APB1PeriphClockCmd  stm32f10x_rcc.o
    0x08001a3c   0x08001a3c   0x00000020   Code   RO         1710    i.RCC_APB2PeriphClockCmd  stm32f10x_rcc.o
    0x08001a5c   0x08001a5c   0x0000004c   Code   RO         1717    i.RCC_DeInit        stm32f10x_rcc.o
    0x08001aa8   0x08001aa8   0x000000d4   Code   RO         1718    i.RCC_GetClocksFreq  stm32f10x_rcc.o
    0x08001b7c   0x08001b7c   0x0000003c   Code   RO         1719    i.RCC_GetFlagStatus  stm32f10x_rcc.o
    0x08001bb8   0x08001bb8   0x00000010   Code   RO         1721    i.RCC_GetSYSCLKSource  stm32f10x_rcc.o
    0x08001bc8   0x08001bc8   0x00000018   Code   RO         1722    i.RCC_HCLKConfig    stm32f10x_rcc.o
    0x08001be0   0x08001be0   0x0000000c   Code   RO         1727    i.RCC_LSICmd        stm32f10x_rcc.o
    0x08001bec   0x08001bec   0x00000018   Code   RO         1729    i.RCC_PCLK1Config   stm32f10x_rcc.o
    0x08001c04   0x08001c04   0x00000018   Code   RO         1730    i.RCC_PCLK2Config   stm32f10x_rcc.o
    0x08001c1c   0x08001c1c   0x0000000c   Code   RO         1731    i.RCC_PLLCmd        stm32f10x_rcc.o
    0x08001c28   0x08001c28   0x0000001c   Code   RO         1732    i.RCC_PLLConfig     stm32f10x_rcc.o
    0x08001c44   0x08001c44   0x00000018   Code   RO         1735    i.RCC_SYSCLKConfig  stm32f10x_rcc.o
    0x08001c5c   0x08001c5c   0x00000002   Code   RO         3185    i.SVC_Handler       stm32f10x_it.o
    0x08001c5e   0x08001c5e   0x00000008   Code   RO           24    i.SetSysClock       system_stm32f10x.o
    0x08001c66   0x08001c66   0x00000002   PAD
    0x08001c68   0x08001c68   0x000000e0   Code   RO           25    i.SetSysClockTo72   system_stm32f10x.o
    0x08001d48   0x08001d48   0x000000e8   Code   RO         3545    i.Short_circuit_Output  app.o
    0x08001e30   0x08001e30   0x0000008c   Code   RO         3546    i.Short_circuit_recovery  app.o
    0x08001ebc   0x08001ebc   0x000002c8   Code   RO         3470    i.Slave_Communication_Task  slave.o
    0x08002184   0x08002184   0x00000044   Code   RO         3471    i.Slave_Detect      slave.o
    0x080021c8   0x080021c8   0x00000024   Code   RO         3547    i.Slave_Reset       app.o
    0x080021ec   0x080021ec   0x0000002c   Code   RO         3307    i.SysTick_Handler   systick.o
    0x08002218   0x08002218   0x00000060   Code   RO           27    i.SystemInit        system_stm32f10x.o
    0x08002278   0x08002278   0x00000054   Code   RO         3308    i.Systick_Init      systick.o
    0x080022cc   0x080022cc   0x00000040   Code   RO         3424    i.TIM4_Config       tim.o
    0x0800230c   0x0800230c   0x0000002c   Code   RO         3425    i.TIM4_IRQHandler   tim.o
    0x08002338   0x08002338   0x0000000c   Code   RO         3426    i.TIM4_Init         tim.o
    0x08002344   0x08002344   0x0000001e   Code   RO         3427    i.TIM4_NVIC_Config  tim.o
    0x08002362   0x08002362   0x00000006   Code   RO         2336    i.TIM_ClearFlag     stm32f10x_tim.o
    0x08002368   0x08002368   0x00000006   Code   RO         2337    i.TIM_ClearITPendingBit  stm32f10x_tim.o
    0x0800236e   0x0800236e   0x00000018   Code   RO         2342    i.TIM_Cmd           stm32f10x_tim.o
    0x08002386   0x08002386   0x00000022   Code   RO         2363    i.TIM_GetITStatus   stm32f10x_tim.o
    0x080023a8   0x080023a8   0x00000012   Code   RO         2367    i.TIM_ITConfig      stm32f10x_tim.o
    0x080023ba   0x080023ba   0x00000002   PAD
    0x080023bc   0x080023bc   0x000000a4   Code   RO         2413    i.TIM_TimeBaseInit  stm32f10x_tim.o
    0x08002460   0x08002460   0x00000038   Code   RO         3429    i.Tim4_Delay_x10us  tim.o
    0x08002498   0x08002498   0x00000080   Code   RO         3261    i.USART1_Config     usart.o
    0x08002518   0x08002518   0x00000050   Code   RO         3263    i.USART2_IRQHandler  usart.o
    0x08002568   0x08002568   0x00000018   Code   RO         2878    i.USART_Cmd         stm32f10x_usart.o
    0x08002580   0x08002580   0x0000001a   Code   RO         2881    i.USART_GetFlagStatus  stm32f10x_usart.o
    0x0800259a   0x0800259a   0x00000054   Code   RO         2882    i.USART_GetITStatus  stm32f10x_usart.o
    0x080025ee   0x080025ee   0x00000002   PAD
    0x080025f0   0x080025f0   0x000000d8   Code   RO         2885    i.USART_Init        stm32f10x_usart.o
    0x080026c8   0x080026c8   0x0000000a   Code   RO         2892    i.USART_ReceiveData  stm32f10x_usart.o
    0x080026d2   0x080026d2   0x00000008   Code   RO         2895    i.USART_SendData    stm32f10x_usart.o
    0x080026da   0x080026da   0x00000004   Code   RO         3186    i.UsageFault_Handler  stm32f10x_it.o
    0x080026de   0x080026de   0x00000002   PAD
    0x080026e0   0x080026e0   0x00000020   Code   RO         3836    i.__0printf         mc_w.l(printfa.o)
    0x08002700   0x08002700   0x0000000e   Code   RO         3926    i.__scatterload_copy  mc_w.l(handlers.o)
    0x0800270e   0x0800270e   0x00000002   Code   RO         3927    i.__scatterload_null  mc_w.l(handlers.o)
    0x08002710   0x08002710   0x0000000e   Code   RO         3928    i.__scatterload_zeroinit  mc_w.l(handlers.o)
    0x0800271e   0x0800271e   0x00000002   PAD
    0x08002720   0x08002720   0x00000184   Code   RO         3843    i._fp_digits        mc_w.l(printfa.o)
    0x080028a4   0x080028a4   0x000006dc   Code   RO         3844    i._printf_core      mc_w.l(printfa.o)
    0x08002f80   0x08002f80   0x00000024   Code   RO         3845    i._printf_post_padding  mc_w.l(printfa.o)
    0x08002fa4   0x08002fa4   0x0000002e   Code   RO         3846    i._printf_pre_padding  mc_w.l(printfa.o)
    0x08002fd2   0x08002fd2   0x00000002   PAD
    0x08002fd4   0x08002fd4   0x00000014   Code   RO         3309    i.delay_ms          systick.o
    0x08002fe8   0x08002fe8   0x00000024   Code   RO         3265    i.fputc             usart.o
    0x0800300c   0x0800300c   0x0000000c   Code   RO         3472    i.get_device_id     slave.o
    0x08003018   0x08003018   0x0000026c   Code   RO         3110    i.main              main.o
    0x08003284   0x08003284   0x00000003   Data   RO         3111    .constdata          main.o
    0x08003287   0x08003287   0x00000001   PAD
    0x08003288   0x08003288   0x00000020   Data   RO         3924    Region$$Table       anon$$obj.o


    Execution Region RW_IRAM1 (Exec base: 0x20000000, Load base: 0x080032a8, Size: 0x000004c0, Max: 0x00005000, ABSOLUTE)

    Exec Addr    Load Addr    Size         Type   Attr      Idx    E Section Name        Object

    0x20000000   0x080032a8   0x00000014   Data   RW         1738    .data               stm32f10x_rcc.o
    0x20000014   0x080032bc   0x00000004   Data   RW         3112    .data               main.o
    0x20000018   0x080032c0   0x00000003   Data   RW         3266    .data               usart.o
    0x2000001b   0x080032c3   0x00000001   PAD
    0x2000001c   0x080032c4   0x00000004   Data   RW         3430    .data               tim.o
    0x20000020   0x080032c8   0x00000009   Data   RW         3473    .data               slave.o
    0x20000029   0x080032d1   0x00000003   PAD
    0x2000002c   0x080032d4   0x00000009   Data   RW         3548    .data               app.o
    0x20000035   0x080032dd   0x00000003   PAD
    0x20000038   0x080032e0   0x00000004   Data   RW         3904    .data               mc_w.l(stdout.o)
    0x2000003c        -       0x00000020   Zero   RW         3310    .bss                systick.o
    0x2000005c        -       0x00000060   Zero   RW         3504    .bss                adc.o
    0x200000bc   0x080032e4   0x00000004   PAD
    0x200000c0        -       0x00000400   Zero   RW            1    STACK               startup_stm32f10x_md.o


==============================================================================

Image component sizes


      Code (inc. data)   RO Data    RW Data    ZI Data      Debug   Object Name

       804         44          0          0         96       3567   adc.o
      1664        432          0          9          0       5200   app.o
         0          0          0          0          0       4516   core_cm3.o
       272         14          0          0          0       2403   led.o
       756        164          3          4          0       3483   main.o
       132         22          0          0          0       1683   misc.o
       434         14          0          0          0       3654   oneline.o
       252         16          0          0          0       1181   peripher_gpio.o
       792        204          0          9          0       2569   slave.o
        36          8        236          0       1024        868   startup_stm32f10x_md.o
       390         10          0          0          0       7857   stm32f10x_adc.o
        84          0          0          0          0       2925   stm32f10x_dma.o
        52         12          0          0          0       1185   stm32f10x_flash.o
       448          6          0          0          0       4770   stm32f10x_gpio.o
        24          0          0          0          0       3444   stm32f10x_it.o
       632        104          0         20          0      11718   stm32f10x_rcc.o
       252         42          0          0          0       4410   stm32f10x_tim.o
       368          6          0          0          0       5648   stm32f10x_usart.o
       328         28          0          0          0     268173   system_stm32f10x.o
       148         18          0          0         32      17269   systick.o
       206         24          0          4          0       2564   tim.o
       244         24          0          3          0       2286   usart.o

    ----------------------------------------------------------------------
      8340       1192        272         56       1156     361373   Object Totals
         0          0         32          0          0          0   (incl. Generated)
        22          0          1          7          4          0   (incl. Padding)

    ----------------------------------------------------------------------

      Code (inc. data)   RO Data    RW Data    ZI Data      Debug   Library Member Name

         0          0          0          0          0          0   entry.o
         0          0          0          0          0          0   entry10a.o
         0          0          0          0          0          0   entry11a.o
         8          4          0          0          0          0   entry2.o
         4          0          0          0          0          0   entry5.o
         0          0          0          0          0          0   entry7b.o
         0          0          0          0          0          0   entry8b.o
         8          4          0          0          0          0   entry9a.o
        30          0          0          0          0          0   handlers.o
        36          8          0          0          0         68   init.o
         0          0          0          0          0          0   iusefp.o
        30          0          0          0          0         68   llshl.o
        36          0          0          0          0         68   llsshr.o
        32          0          0          0          0         68   llushr.o
      2258         90          0          0          0        452   printfa.o
         0          0          0          4          0          0   stdout.o
        44          0          0          0          0         80   uidiv.o
        98          0          0          0          0         92   uldiv.o
        48          0          0          0          0         68   cdcmple.o
        48          0          0          0          0         68   cdrcmple.o
        20          0          0          0          0         68   cfcmple.o
        20          0          0          0          0         68   cfrcmple.o
        56          0          0          0          0         88   d2f.o
       334          0          0          0          0        148   dadd.o
       222          0          0          0          0        100   ddiv.o
       186          0          0          0          0        176   depilogue.o
        48          0          0          0          0         68   dfixul.o
       228          0          0          0          0         96   dmul.o
        38          0          0          0          0         68   f2d.o
       176          0          0          0          0        140   fadd.o
       124          0          0          0          0         88   fdiv.o
       110          0          0          0          0        168   fepilogue.o
        10          0          0          0          0         68   ffltui.o
       100          0          0          0          0         76   fmul.o

    ----------------------------------------------------------------------
      4356        106          0          4          0       2452   Library Totals
         4          0          0          0          0          0   (incl. Padding)

    ----------------------------------------------------------------------

      Code (inc. data)   RO Data    RW Data    ZI Data      Debug   Library Name

      2584        106          0          4          0        896   mc_w.l
      1768          0          0          0          0       1556   mf_w.l

    ----------------------------------------------------------------------
      4356        106          0          4          0       2452   Library Totals

    ----------------------------------------------------------------------

==============================================================================


      Code (inc. data)   RO Data    RW Data    ZI Data      Debug   

     12696       1298        272         60       1156     357841   Grand Totals
     12696       1298        272         60       1156     357841   ELF Image Totals
     12696       1298        272         60          0          0   ROM Totals

==============================================================================

    Total RO  Size (Code + RO Data)                12968 (  12.66kB)
    Total RW  Size (RW Data + ZI Data)              1216 (   1.19kB)
    Total ROM Size (Code + RO Data + RW Data)      13028 (  12.72kB)

==============================================================================

